Component: Arm Compiler for Embedded 6.18 Tool: armlink [5e4cc100]

==============================================================================

Section Cross References

    startup_stm32f401xc.o(STACK) refers (Special) to heapauxi.o(.text) for __use_two_region_memory
    startup_stm32f401xc.o(HEAP) refers (Special) to heapauxi.o(.text) for __use_two_region_memory
    startup_stm32f401xc.o(RESET) refers (Special) to heapauxi.o(.text) for __use_two_region_memory
    startup_stm32f401xc.o(RESET) refers to startup_stm32f401xc.o(STACK) for __initial_sp
    startup_stm32f401xc.o(RESET) refers to startup_stm32f401xc.o(.text) for Reset_Handler
    startup_stm32f401xc.o(RESET) refers to timebase.o(.text.SysTick_Handler) for SysTick_Handler
    startup_stm32f401xc.o(.text) refers (Special) to heapauxi.o(.text) for __use_two_region_memory
    startup_stm32f401xc.o(.text) refers to system_stm32f4xx.o(.text.SystemInit) for SystemInit
    startup_stm32f401xc.o(.text) refers to __main.o(!!!main) for __main
    startup_stm32f401xc.o(.text) refers to startup_stm32f401xc.o(HEAP) for Heap_Mem
    startup_stm32f401xc.o(.text) refers to startup_stm32f401xc.o(STACK) for Stack_Mem
    system_stm32f4xx.o(.ARM.exidx.text.SystemInit) refers to system_stm32f4xx.o(.text.SystemInit) for [Anonymous Symbol]
    system_stm32f4xx.o(.text.SystemCoreClockUpdate) refers to system_stm32f4xx.o(.data.SystemCoreClock) for SystemCoreClock
    system_stm32f4xx.o(.text.SystemCoreClockUpdate) refers to system_stm32f4xx.o(.rodata.AHBPrescTable) for AHBPrescTable
    system_stm32f4xx.o(.ARM.exidx.text.SystemCoreClockUpdate) refers to system_stm32f4xx.o(.text.SystemCoreClockUpdate) for [Anonymous Symbol]
    main.o(.text.main) refers to timebase.o(.text.SysInit) for SysInit
    main.o(.text.main) refers to led.o(.text.drv_init_LED) for drv_init_LED
    main.o(.text.main) refers to buzzer.o(.text.drv_init_BUZZER) for drv_init_BUZZER
    main.o(.text.main) refers to alarm.o(.text.drv_init_alarm) for drv_init_alarm
    main.o(.text.main) refers to key.o(.text.drv_init_key) for drv_init_key
    main.o(.text.main) refers to uart.o(.text.drv_init_uart) for drv_init_uart
    main.o(.text.main) refers to sts.o(.text.STS_Run) for STS_Run
    main.o(.ARM.exidx.text.main) refers to main.o(.text.main) for [Anonymous Symbol]
    sts.o(.text.STS_Add_Task) refers to sts.o(.bss.tasks) for tasks
    sts.o(.text.STS_Add_Task) refers to sts.o(.data.STS_final_task) for STS_final_task
    sts.o(.ARM.exidx.text.STS_Add_Task) refers to sts.o(.text.STS_Add_Task) for [Anonymous Symbol]
    sts.o(.text.STS_Get_TaskID) refers to sts.o(.bss.taskIDs) for taskIDs
    sts.o(.ARM.exidx.text.STS_Get_TaskID) refers to sts.o(.text.STS_Get_TaskID) for [Anonymous Symbol]
    sts.o(.text.STS_Change_Task_Mode) refers to sts.o(.bss.tasks) for tasks
    sts.o(.ARM.exidx.text.STS_Change_Task_Mode) refers to sts.o(.text.STS_Change_Task_Mode) for [Anonymous Symbol]
    sts.o(.text.STS_Change_Task_MainFunc) refers to sts.o(.bss.tasks) for tasks
    sts.o(.ARM.exidx.text.STS_Change_Task_MainFunc) refers to sts.o(.text.STS_Change_Task_MainFunc) for [Anonymous Symbol]
    sts.o(.text.STS_Remove_Task) refers to sts.o(.bss.tasks) for tasks
    sts.o(.text.STS_Remove_Task) refers to sts.o(.data.STS_final_task) for STS_final_task
    sts.o(.ARM.exidx.text.STS_Remove_Task) refers to sts.o(.text.STS_Remove_Task) for [Anonymous Symbol]
    sts.o(.text.STS_Hide_Task) refers to sts.o(.bss.tasks) for tasks
    sts.o(.ARM.exidx.text.STS_Hide_Task) refers to sts.o(.text.STS_Hide_Task) for [Anonymous Symbol]
    sts.o(.text.STS_Reveal_Task) refers to sts.o(.bss.tasks) for tasks
    sts.o(.ARM.exidx.text.STS_Reveal_Task) refers to sts.o(.text.STS_Reveal_Task) for [Anonymous Symbol]
    sts.o(.text.STS_Run) refers to sts.o(.data.STS_final_task) for STS_final_task
    sts.o(.text.STS_Run) refers to sts.o(.bss.tasks) for tasks
    sts.o(.text.STS_Run) refers to timebase.o(.text.get_pass_time) for get_pass_time
    sts.o(.text.STS_Run) refers to timebase.o(.text.get_TIME_now) for get_TIME_now
    sts.o(.text.STS_Run) refers to timebase.o(.text.get_pass_time_precise) for get_pass_time_precise
    sts.o(.ARM.exidx.text.STS_Run) refers to sts.o(.text.STS_Run) for [Anonymous Symbol]
    timebase.o(.text.get_TIME_now) refers to timebase.o(.bss.current_time_1) for current_time_1
    timebase.o(.ARM.exidx.text.get_TIME_now) refers to timebase.o(.text.get_TIME_now) for [Anonymous Symbol]
    timebase.o(.text.get_pass_time) refers to timebase.o(.bss.current_time_1) for current_time_1
    timebase.o(.ARM.exidx.text.get_pass_time) refers to timebase.o(.text.get_pass_time) for [Anonymous Symbol]
    timebase.o(.text.get_pass_time_precise) refers to timebase.o(.bss.current_time_1) for current_time_1
    timebase.o(.ARM.exidx.text.get_pass_time_precise) refers to timebase.o(.text.get_pass_time_precise) for [Anonymous Symbol]
[...]
    rtexit.o(.ARM.exidx) refers (Special) to rtexit2.o(.ARM.Collect$$rtexit$$00000004) for __rt_exit_exit
    rtexit.o(.ARM.exidx) refers (Special) to rtexit2.o(.ARM.Collect$$rtexit$$00000003) for __rt_exit_ls
    rtexit.o(.ARM.exidx) refers (Special) to rtexit2.o(.ARM.Collect$$rtexit$$00000002) for __rt_exit_prels_1
    rtexit.o(.ARM.exidx) refers to rtexit.o(.ARM.Collect$$rtexit$$00000000) for .ARM.Collect$$rtexit$$00000000
    rt_raise.o(.text) refers to __raise.o(.text) for __raise
    rt_raise.o(.text) refers to sys_exit.o(.text) for _sys_exit
    defsig_exit.o(.text) refers to sys_exit.o(.text) for _sys_exit
    defsig_fpe_inner.o(.text) refers to defsig_general.o(.text) for __default_signal_display
    libinit2.o(.ARM.Collect$$libinit$$00000001) refers to fpinit.o(x$fpl$fpinit) for _fp_init
    libinit2.o(.ARM.Collect$$libinit$$00000012) refers to libinit2.o(.ARM.Collect$$libinit$$00000011) for .ARM.Collect$$libinit$$00000011
    libinit2.o(.ARM.Collect$$libinit$$00000014) refers to libinit2.o(.ARM.Collect$$libinit$$00000011) for .ARM.Collect$$libinit$$00000011
    libinit2.o(.ARM.Collect$$libinit$$00000016) refers to libinit2.o(.ARM.Collect$$libinit$$00000011) for .ARM.Collect$$libinit$$00000011
    libinit2.o(.ARM.Collect$$libinit$$00000018) refers to libinit2.o(.ARM.Collect$$libinit$$00000011) for .ARM.Collect$$libinit$$00000011
    libinit2.o(.ARM.Collect$$libinit$$0000001A) refers to libinit2.o(.ARM.Collect$$libinit$$00000011) for .ARM.Collect$$libinit$$00000011
    libinit2.o(.ARM.Collect$$libinit$$00000028) refers to argv_veneer.o(.emb_text) for __ARM_argv_veneer
    libinit2.o(.ARM.Collect$$libinit$$00000029) refers to argv_veneer.o(.emb_text) for __ARM_argv_veneer
    sys_exit.o(.text) refers (Special) to use_no_semi.o(.text) for __I$use$semihosting
    sys_exit.o(.text) refers (Special) to indicate_semi.o(.text) for __semihosting_library_function
    sys_exit_hlt.o(.text) refers (Special) to use_no_semi.o(.text) for __I$use$semihosting
    sys_exit_hlt.o(.text) refers (Special) to indicate_semi.o(.text) for __semihosting_library_function
    rtexit2.o(.ARM.Collect$$rtexit$$00000003) refers to libshutdown.o(.ARM.Collect$$libshutdown$$00000000) for __rt_lib_shutdown
    rtexit2.o(.ARM.Collect$$rtexit$$00000004) refers to sys_exit.o(.text) for _sys_exit
    rtexit2.o(.ARM.exidx) refers to rtexit2.o(.ARM.Collect$$rtexit$$00000001) for .ARM.Collect$$rtexit$$00000001
    rtexit2.o(.ARM.exidx) refers to rtexit2.o(.ARM.Collect$$rtexit$$00000003) for .ARM.Collect$$rtexit$$00000003
    rtexit2.o(.ARM.exidx) refers to rtexit2.o(.ARM.Collect$$rtexit$$00000004) for .ARM.Collect$$rtexit$$00000004
    __raise.o(.text) refers to defsig.o(CL$$defsig) for __default_signal_handler
    defsig_general.o(.text) refers to sys_wrch.o(.text) for _ttywrch
    argv_veneer.o(.emb_text) refers to no_argv.o(.text) for __ARM_get_argv
    sys_wrch.o(.text) refers (Special) to use_no_semi.o(.text) for __I$use$semihosting
    sys_wrch.o(.text) refers (Special) to indicate_semi.o(.text) for __semihosting_library_function
    sys_wrch_hlt.o(.text) refers (Special) to use_no_semi.o(.text) for __I$use$semihosting
    sys_wrch_hlt.o(.text) refers (Special) to indicate_semi.o(.text) for __semihosting_library_function
    defsig.o(CL$$defsig) refers to defsig_fpe_inner.o(.text) for __rt_SIGFPE_inner
    defsig.o(CL$$defsig) refers to defsig_rtmem_inner.o(.text) for __rt_SIGRTMEM_inner
    _get_argv_nomalloc.o(.text) refers (Special) to hrguard.o(.text) for __heap_region$guard
    _get_argv_nomalloc.o(.text) refers to defsig_rtmem_outer.o(.text) for __rt_SIGRTMEM
    _get_argv_nomalloc.o(.text) refers to sys_command.o(.text) for _sys_command_string
    libshutdown.o(.ARM.Collect$$libshutdown$$00000000) refers (Special) to libshutdown2.o(.ARM.Collect$$libshutdown$$00000002) for __rt_lib_shutdown_cpp_1
    libshutdown.o(.ARM.Collect$$libshutdown$$00000000) refers (Special) to libshutdown2.o(.ARM.Collect$$libshutdown$$00000007) for __rt_lib_shutdown_fp_trap_1
    libshutdown.o(.ARM.Collect$$libshutdown$$00000000) refers (Special) to libshutdown2.o(.ARM.Collect$$libshutdown$$0000000F) for __rt_lib_shutdown_heap_1
    libshutdown.o(.ARM.Collect$$libshutdown$$00000000) refers (Special) to libshutdown2.o(.ARM.Collect$$libshutdown$$00000010) for __rt_lib_shutdown_return
    libshutdown.o(.ARM.Collect$$libshutdown$$00000000) refers (Special) to libshutdown2.o(.ARM.Collect$$libshutdown$$0000000A) for __rt_lib_shutdown_signal_1
    libshutdown.o(.ARM.Collect$$libshutdown$$00000000) refers (Special) to libshutdown2.o(.ARM.Collect$$libshutdown$$00000004) for __rt_lib_shutdown_stdio_1
    libshutdown.o(.ARM.Collect$$libshutdown$$00000000) refers (Special) to libshutdown2.o(.ARM.Collect$$libshutdown$$0000000C) for __rt_lib_shutdown_user_alloc_1
    sys_command.o(.text) refers (Special) to use_no_semi.o(.text) for __I$use$semihosting
    sys_command.o(.text) refers (Special) to indicate_semi.o(.text) for __semihosting_library_function
    sys_command_hlt.o(.text) refers (Special) to use_no_semi.o(.text) for __I$use$semihosting
    sys_command_hlt.o(.text) refers (Special) to indicate_semi.o(.text) for __semihosting_library_function
    defsig_abrt_inner.o(.text) refers to defsig_general.o(.text) for __default_signal_display
    defsig_rtred_inner.o(.text) refers to defsig_general.o(.text) for __default_signal_display
    defsig_rtmem_inner.o(.text) refers to defsig_general.o(.text) for __default_signal_display
    defsig_rtmem_outer.o(.text) refers to defsig_rtmem_inner.o(.text) for __rt_SIGRTMEM_inner
    defsig_rtmem_outer.o(.text) refers to defsig_exit.o(.text) for __sig_exit
    defsig_rtmem_formal.o(.text) refers to rt_raise.o(.text) for __rt_raise
    defsig_stak_inner.o(.text) refers to defsig_general.o(.text) for __default_signal_display
    defsig_pvfn_inner.o(.text) refers to defsig_general.o(.text) for __default_signal_display
    defsig_cppl_inner.o(.text) refers to defsig_general.o(.text) for __default_signal_display
    defsig_segv_inner.o(.text) refers to defsig_general.o(.text) for __default_signal_display
    defsig_other.o(.text) refers to defsig_general.o(.text) for __default_signal_display


==============================================================================

Removing Unused input sections from the image.

    Removing system_stm32f4xx.o(.text), (0 bytes).
    Removing system_stm32f4xx.o(.ARM.exidx.text.SystemInit), (8 bytes).
    Removing system_stm32f4xx.o(.text.SystemCoreClockUpdate), (124 bytes).
    Removing system_stm32f4xx.o(.ARM.exidx.text.SystemCoreClockUpdate), (8 bytes).
    Removing main.o(.text), (0 bytes).
    Removing main.o(.ARM.exidx.text.main), (8 bytes).
    Removing main.o(.ARM.use_no_argv), (4 bytes).
    Removing sts.o(.text), (0 bytes).
    Removing sts.o(.ARM.exidx.text.STS_Add_Task), (8 bytes).
    Removing sts.o(.text.STS_Get_TaskID), (12 bytes).
    Removing sts.o(.ARM.exidx.text.STS_Get_TaskID), (8 bytes).
    Removing sts.o(.text.STS_Change_Task_Mode), (60 bytes).
    Removing sts.o(.ARM.exidx.text.STS_Change_Task_Mode), (8 bytes).
    Removing sts.o(.text.STS_Change_Task_MainFunc), (34 bytes).
    Removing sts.o(.ARM.exidx.text.STS_Change_Task_MainFunc), (8 bytes).
    Removing sts.o(.text.STS_Remove_Task), (256 bytes).
    Removing sts.o(.ARM.exidx.text.STS_Remove_Task), (8 bytes).
    Removing sts.o(.text.STS_Hide_Task), (32 bytes).
    Removing sts.o(.ARM.exidx.text.STS_Hide_Task), (8 bytes).
    Removing sts.o(.text.STS_Reveal_Task), (36 bytes).
    Removing sts.o(.ARM.exidx.text.STS_Reveal_Task), (8 bytes).
    Removing sts.o(.ARM.exidx.text.STS_Run), (8 bytes).
    Removing timebase.o(.text), (0 bytes).
    Removing timebase.o(.ARM.exidx.text.get_TIME_now), (8 bytes).
    Removing timebase.o(.ARM.exidx.text.get_pass_time), (8 bytes).
    Removing timebase.o(.ARM.exidx.text.get_pass_time_precise), (8 bytes).
    Removing timebase.o(.text.get_time_difference), (76 bytes).
    Removing timebase.o(.ARM.exidx.text.get_time_difference), (8 bytes).
    Removing timebase.o(.text.get_system_runtime), (160 bytes).
    Removing timebase.o(.ARM.exidx.text.get_system_runtime), (8 bytes).
    Removing timebase.o(.text.Time_set_inValid), (8 bytes).
    Removing timebase.o(.ARM.exidx.text.Time_set_inValid), (8 bytes).
    Removing timebase.o(.text.Time_isValid), (8 bytes).
    Removing timebase.o(.ARM.exidx.text.Time_isValid), (8 bytes).
    Removing timebase.o(.text.delay), (252 bytes).
    Removing timebase.o(.ARM.exidx.text.delay), (8 bytes).
    Removing timebase.o(.text.SystemClock_Config), (96 bytes).
    Removing timebase.o(.ARM.exidx.text.SystemClock_Config), (8 bytes).
    Removing timebase.o(.ARM.exidx.text.SysInit), (8 bytes).
    Removing timebase.o(.ARM.exidx.text.SysTick_Handler), (8 bytes).
    Removing timebase.o(.rodata.TIMsec1), (4 bytes).
    Removing alarm.o(.text), (0 bytes).
    Removing alarm.o(.ARM.exidx.text.Alarm_server), (8 bytes).
    Removing alarm.o(.ARM.exidx.text.drv_init_alarm), (8 bytes).
    Removing buzzer.o(.text), (0 bytes).
    Removing buzzer.o(.ARM.exidx.text.setBZSignal), (8 bytes).
    Removing buzzer.o(.text.get_bzSignal), (12 bytes).
    Removing buzzer.o(.ARM.exidx.text.get_bzSignal), (8 bytes).
    Removing buzzer.o(.text.set_BuzzerFreq), (72 bytes).
    Removing buzzer.o(.ARM.exidx.text.set_BuzzerFreq), (8 bytes).
    Removing buzzer.o(.text.set_BuzzerOnOff), (22 bytes).
    Removing buzzer.o(.ARM.exidx.text.set_BuzzerOnOff), (8 bytes).
    Removing buzzer.o(.ARM.exidx.text.drv_init_BUZZER), (8 bytes).
    Removing buzzer.o(.ARM.exidx.text.BUZZER_server), (8 bytes).
    Removing key.o(.text), (0 bytes).
    Removing key.o(.ARM.exidx.text.KEY_server), (8 bytes).
    Removing key.o(.ARM.exidx.text.drv_init_key), (8 bytes).
    Removing led.o(.text), (0 bytes).
    Removing led.o(.text.Led_Config), (28 bytes).
    Removing led.o(.ARM.exidx.text.Led_Config), (8 bytes).
    Removing led.o(.ARM.exidx.text.drv_init_LED), (8 bytes).
    Removing led.o(.ARM.exidx.text.LED_server), (8 bytes).
    Removing uart.o(.text), (0 bytes).
    Removing uart.o(.ARM.exidx.text.HAL_UART_MspInit), (8 bytes).
    Removing uart.o(.text.HAL_UART_MspDeInit), (44 bytes).
    Removing uart.o(.ARM.exidx.text.HAL_UART_MspDeInit), (8 bytes).
    Removing uart.o(.ARM.exidx.text.UART_server), (8 bytes).
    Removing uart.o(.ARM.exidx.text.drv_init_uart), (8 bytes).
    Removing uart.o(.rodata.str1.4), (14 bytes).
    Removing stm32f4xx_hal.o(.text), (0 bytes).
    Removing stm32f4xx_hal.o(.ARM.exidx.text.HAL_Init), (8 bytes).
    Removing stm32f4xx_hal.o(.ARM.exidx.text.HAL_InitTick), (8 bytes).
    Removing stm32f4xx_hal.o(.ARM.exidx.text.HAL_MspInit), (8 bytes).
    Removing stm32f4xx_hal.o(.text.HAL_DeInit), (44 bytes).
    Removing stm32f4xx_hal.o(.ARM.exidx.text.HAL_DeInit), (8 bytes).
    Removing stm32f4xx_hal.o(.text.HAL_MspDeInit), (2 bytes).
    Removing stm32f4xx_hal.o(.ARM.exidx.text.HAL_MspDeInit), (8 bytes).
    Removing stm32f4xx_hal.o(.text.HAL_IncTick), (26 bytes).
    Removing stm32f4xx_hal.o(.ARM.exidx.text.HAL_IncTick), (8 bytes).
    Removing stm32f4xx_hal.o(.ARM.exidx.text.HAL_GetTick), (8 bytes).
    Removing stm32f4xx_hal.o(.text.HAL_GetTickPrio), (12 bytes).
    Removing stm32f4xx_hal.o(.ARM.exidx.text.HAL_GetTickPrio), (8 bytes).
    Removing stm32f4xx_hal.o(.text.HAL_SetTickFreq), (38 bytes).
    Removing stm32f4xx_hal.o(.ARM.exidx.text.HAL_SetTickFreq), (8 bytes).
    Removing stm32f4xx_hal.o(.text.HAL_GetTickFreq), (12 bytes).
    Removing stm32f4xx_hal.o(.ARM.exidx.text.HAL_GetTickFreq), (8 bytes).
    Removing stm32f4xx_hal.o(.text.HAL_Delay), (40 bytes).
    Removing stm32f4xx_hal.o(.ARM.exidx.text.HAL_Delay), (8 bytes).
    Removing stm32f4xx_hal.o(.text.HAL_SuspendTick), (18 bytes).
    Removing stm32f4xx_hal.o(.ARM.exidx.text.HAL_SuspendTick), (8 bytes).
    Removing stm32f4xx_hal.o(.text.HAL_ResumeTick), (18 bytes).
    Removing stm32f4xx_hal.o(.ARM.exidx.text.HAL_ResumeTick), (8 bytes).
    Removing stm32f4xx_hal.o(.text.HAL_GetHalVersion), (10 bytes).
    Removing stm32f4xx_hal.o(.ARM.exidx.text.HAL_GetHalVersion), (8 bytes).
    Removing stm32f4xx_hal.o(.text.HAL_GetREVID), (14 bytes).
    Removing stm32f4xx_hal.o(.ARM.exidx.text.HAL_GetREVID), (8 bytes).
    Removing stm32f4xx_hal.o(.text.HAL_GetDEVID), (16 bytes).
    Removing stm32f4xx_hal.o(.ARM.exidx.text.HAL_GetDEVID), (8 bytes).
    Removing stm32f4xx_hal.o(.text.HAL_DBGMCU_EnableDBGSleepMode), (18 bytes).
    Removing stm32f4xx_hal.o(.ARM.exidx.text.HAL_DBGMCU_EnableDBGSleepMode), (8 bytes).
    Removing stm32f4xx_hal.o(.text.HAL_DBGMCU_DisableDBGSleepMode), (18 bytes).
    Removing stm32f4xx_hal.o(.ARM.exidx.text.HAL_DBGMCU_DisableDBGSleepMode), (8 bytes).
    Removing stm32f4xx_hal.o(.text.HAL_DBGMCU_EnableDBGStopMode), (18 bytes).
    Removing stm32f4xx_hal.o(.ARM.exidx.text.HAL_DBGMCU_EnableDBGStopMode), (8 bytes).
    Removing stm32f4xx_hal.o(.text.HAL_DBGMCU_DisableDBGStopMode), (18 bytes).
    Removing stm32f4xx_hal.o(.ARM.exidx.text.HAL_DBGMCU_DisableDBGStopMode), (8 bytes).
    Removing stm32f4xx_hal.o(.text.HAL_DBGMCU_EnableDBGStandbyMode), (18 bytes).
    Removing stm32f4xx_hal.o(.ARM.exidx.text.HAL_DBGMCU_EnableDBGStandbyMode), (8 bytes).
    Removing stm32f4xx_hal.o(.text.HAL_DBGMCU_DisableDBGStandbyMode), (18 bytes).
    Removing stm32f4xx_hal.o(.ARM.exidx.text.HAL_DBGMCU_DisableDBGStandbyMode), (8 bytes).
    Removing stm32f4xx_hal.o(.text.HAL_EnableCompensationCell), (14 bytes).
    Removing stm32f4xx_hal.o(.ARM.exidx.text.HAL_EnableCompensationCell), (8 bytes).
    Removing stm32f4xx_hal.o(.text.HAL_DisableCompensationCell), (14 bytes).
    Removing stm32f4xx_hal.o(.ARM.exidx.text.HAL_DisableCompensationCell), (8 bytes).
    Removing stm32f4xx_hal.o(.text.HAL_GetUIDw0), (12 bytes).
    Removing stm32f4xx_hal.o(.ARM.exidx.text.HAL_GetUIDw0), (8 bytes).
    Removing stm32f4xx_hal.o(.text.HAL_GetUIDw1), (12 bytes).
    Removing stm32f4xx_hal.o(.ARM.exidx.text.HAL_GetUIDw1), (8 bytes).
    Removing stm32f4xx_hal.o(.text.HAL_GetUIDw2), (12 bytes).
    Removing stm32f4xx_hal.o(.ARM.exidx.text.HAL_GetUIDw2), (8 bytes).
    Removing stm32f4xx_hal_rcc.o(.text), (0 bytes).
    Removing stm32f4xx_hal_rcc.o(.text.HAL_RCC_DeInit), (4 bytes).
    Removing stm32f4xx_hal_rcc.o(.ARM.exidx.text.HAL_RCC_DeInit), (8 bytes).
    Removing stm32f4xx_hal_rcc.o(.ARM.exidx.text.HAL_RCC_OscConfig), (8 bytes).
    Removing stm32f4xx_hal_rcc.o(.ARM.exidx.text.HAL_RCC_ClockConfig), (8 bytes).
    Removing stm32f4xx_hal_rcc.o(.ARM.exidx.text.HAL_RCC_GetSysClockFreq), (8 bytes).
    Removing stm32f4xx_hal_rcc.o(.text.HAL_RCC_MCOConfig), (158 bytes).
    Removing stm32f4xx_hal_rcc.o(.ARM.exidx.text.HAL_RCC_MCOConfig), (8 bytes).
    Removing stm32f4xx_hal_rcc.o(.text.HAL_RCC_EnableCSS), (12 bytes).
    Removing stm32f4xx_hal_rcc.o(.ARM.exidx.text.HAL_RCC_EnableCSS), (8 bytes).
    Removing stm32f4xx_hal_rcc.o(.text.HAL_RCC_DisableCSS), (12 bytes).
    Removing stm32f4xx_hal_rcc.o(.ARM.exidx.text.HAL_RCC_DisableCSS), (8 bytes).
    Removing stm32f4xx_hal_rcc.o(.text.HAL_RCC_GetHCLKFreq), (12 bytes).
    Removing stm32f4xx_hal_rcc.o(.ARM.exidx.text.HAL_RCC_GetHCLKFreq), (8 bytes).
    Removing stm32f4xx_hal_rcc.o(.ARM.exidx.text.HAL_RCC_GetPCLK1Freq), (8 bytes).
    Removing stm32f4xx_hal_rcc.o(.ARM.exidx.text.HAL_RCC_GetPCLK2Freq), (8 bytes).
    Removing stm32f4xx_hal_rcc.o(.text.HAL_RCC_GetOscConfig), (154 bytes).
    Removing stm32f4xx_hal_rcc.o(.ARM.exidx.text.HAL_RCC_GetOscConfig), (8 bytes).
    Removing stm32f4xx_hal_rcc.o(.text.HAL_RCC_GetClockConfig), (62 bytes).
    Removing stm32f4xx_hal_rcc.o(.ARM.exidx.text.HAL_RCC_GetClockConfig), (8 bytes).
    Removing stm32f4xx_hal_rcc.o(.text.HAL_RCC_NMI_IRQHandler), (28 bytes).
    Removing stm32f4xx_hal_rcc.o(.ARM.exidx.text.HAL_RCC_NMI_IRQHandler), (8 bytes).
    Removing stm32f4xx_hal_rcc.o(.text.HAL_RCC_CSSCallback), (2 bytes).
    Removing stm32f4xx_hal_rcc.o(.ARM.exidx.text.HAL_RCC_CSSCallback), (8 bytes).
    Removing stm32f4xx_hal_gpio.o(.text), (0 bytes).
    Removing stm32f4xx_hal_gpio.o(.ARM.exidx.text.HAL_GPIO_Init), (8 bytes).
    Removing stm32f4xx_hal_gpio.o(.text.HAL_GPIO_DeInit), (458 bytes).
    Removing stm32f4xx_hal_gpio.o(.ARM.exidx.text.HAL_GPIO_DeInit), (8 bytes).
    Removing stm32f4xx_hal_gpio.o(.text.HAL_GPIO_ReadPin), (10 bytes).
    Removing stm32f4xx_hal_gpio.o(.ARM.exidx.text.HAL_GPIO_ReadPin), (8 bytes).
    Removing stm32f4xx_hal_gpio.o(.text.HAL_GPIO_WritePin), (10 bytes).
    Removing stm32f4xx_hal_gpio.o(.ARM.exidx.text.HAL_GPIO_WritePin), (8 bytes).
    Removing stm32f4xx_hal_gpio.o(.text.HAL_GPIO_TogglePin), (16 bytes).
    Removing stm32f4xx_hal_gpio.o(.ARM.exidx.text.HAL_GPIO_TogglePin), (8 bytes).
    Removing stm32f4xx_hal_gpio.o(.text.HAL_GPIO_LockPin), (40 bytes).
    Removing stm32f4xx_hal_gpio.o(.ARM.exidx.text.HAL_GPIO_LockPin), (8 bytes).
    Removing stm32f4xx_hal_gpio.o(.text.HAL_GPIO_EXTI_IRQHandler), (22 bytes).
    Removing stm32f4xx_hal_gpio.o(.ARM.exidx.text.HAL_GPIO_EXTI_IRQHandler), (8 bytes).
    Removing stm32f4xx_hal_gpio.o(.text.HAL_GPIO_EXTI_Callback), (2 bytes).
    Removing stm32f4xx_hal_gpio.o(.ARM.exidx.text.HAL_GPIO_EXTI_Callback), (8 bytes).
    Removing stm32f4xx_hal_cortex.o(.text), (0 bytes).
    Removing stm32f4xx_hal_cortex.o(.ARM.exidx.text.HAL_NVIC_SetPriorityGrouping), (8 bytes).
    Removing stm32f4xx_hal_cortex.o(.ARM.exidx.text.HAL_NVIC_SetPriority), (8 bytes).
    Removing stm32f4xx_hal_cortex.o(.text.HAL_NVIC_EnableIRQ), (32 bytes).
    Removing stm32f4xx_hal_cortex.o(.ARM.exidx.text.HAL_NVIC_EnableIRQ), (8 bytes).
    Removing stm32f4xx_hal_cortex.o(.text.HAL_NVIC_DisableIRQ), (40 bytes).
    Removing stm32f4xx_hal_cortex.o(.ARM.exidx.text.HAL_NVIC_DisableIRQ), (8 bytes).
    Removing stm32f4xx_hal_cortex.o(.text.HAL_NVIC_SystemReset), (4 bytes).
    Removing stm32f4xx_hal_cortex.o(.ARM.exidx.text.HAL_NVIC_SystemReset), (8 bytes).
    Removing stm32f4xx_hal_cortex.o(.text.__NVIC_SystemReset), (42 bytes).
    Removing stm32f4xx_hal_cortex.o(.ARM.exidx.text.__NVIC_SystemReset), (8 bytes).
    Removing stm32f4xx_hal_cortex.o(.ARM.exidx.text.HAL_SYSTICK_Config), (8 bytes).
    Removing stm32f4xx_hal_cortex.o(.text.HAL_MPU_Disable), (26 bytes).
    Removing stm32f4xx_hal_cortex.o(.ARM.exidx.text.HAL_MPU_Disable), (8 bytes).
    Removing stm32f4xx_hal_cortex.o(.text.HAL_MPU_Enable), (32 bytes).
    Removing stm32f4xx_hal_cortex.o(.ARM.exidx.text.HAL_MPU_Enable), (8 bytes).
    Removing stm32f4xx_hal_cortex.o(.text.HAL_MPU_ConfigRegion), (96 bytes).
    Removing stm32f4xx_hal_cortex.o(.ARM.exidx.text.HAL_MPU_ConfigRegion), (8 bytes).
    Removing stm32f4xx_hal_cortex.o(.text.HAL_NVIC_GetPriorityGrouping), (16 bytes).
    Removing stm32f4xx_hal_cortex.o(.ARM.exidx.text.HAL_NVIC_GetPriorityGrouping), (8 bytes).
    Removing stm32f4xx_hal_cortex.o(.text.HAL_NVIC_GetPriority), (88 bytes).
    Removing stm32f4xx_hal_cortex.o(.ARM.exidx.text.HAL_NVIC_GetPriority), (8 bytes).
    Removing stm32f4xx_hal_cortex.o(.text.HAL_NVIC_SetPendingIRQ), (32 bytes).
    Removing stm32f4xx_hal_cortex.o(.ARM.exidx.text.HAL_NVIC_SetPendingIRQ), (8 bytes).
    Removing stm32f4xx_hal_cortex.o(.text.HAL_NVIC_GetPendingIRQ), (36 bytes).
    Removing stm32f4xx_hal_cortex.o(.ARM.exidx.text.HAL_NVIC_GetPendingIRQ), (8 bytes).
    Removing stm32f4xx_hal_cortex.o(.text.HAL_NVIC_ClearPendingIRQ), (32 bytes).
    Removing stm32f4xx_hal_cortex.o(.ARM.exidx.text.HAL_NVIC_ClearPendingIRQ), (8 bytes).
    Removing stm32f4xx_hal_cortex.o(.text.HAL_NVIC_GetActive), (36 bytes).
    Removing stm32f4xx_hal_cortex.o(.ARM.exidx.text.HAL_NVIC_GetActive), (8 bytes).
    Removing stm32f4xx_hal_cortex.o(.text.HAL_SYSTICK_CLKSourceConfig), (24 bytes).
    Removing stm32f4xx_hal_cortex.o(.ARM.exidx.text.HAL_SYSTICK_CLKSourceConfig), (8 bytes).
    Removing stm32f4xx_hal_cortex.o(.text.HAL_SYSTICK_IRQHandler), (4 bytes).
    Removing stm32f4xx_hal_cortex.o(.ARM.exidx.text.HAL_SYSTICK_IRQHandler), (8 bytes).
    Removing stm32f4xx_hal_cortex.o(.text.HAL_SYSTICK_Callback), (2 bytes).
    Removing stm32f4xx_hal_cortex.o(.ARM.exidx.text.HAL_SYSTICK_Callback), (8 bytes).
    Removing stm32f4xx_hal_uart.o(.text), (0 bytes).
    Removing stm32f4xx_hal_uart.o(.ARM.exidx.text.HAL_UART_Init), (8 bytes).
    Removing stm32f4xx_hal_uart.o(.text.HAL_UART_MspInit), (2 bytes).
    Removing stm32f4xx_hal_uart.o(.ARM.exidx.text.HAL_UART_MspInit), (8 bytes).
    Removing stm32f4xx_hal_uart.o(.ARM.exidx.text.UART_SetConfig), (8 bytes).
    Removing stm32f4xx_hal_uart.o(.text.HAL_HalfDuplex_Init), (92 bytes).
    Removing stm32f4xx_hal_uart.o(.ARM.exidx.text.HAL_HalfDuplex_Init), (8 bytes).
    Removing stm32f4xx_hal_uart.o(.text.HAL_LIN_Init), (108 bytes).
    Removing stm32f4xx_hal_uart.o(.ARM.exidx.text.HAL_LIN_Init), (8 bytes).
    Removing stm32f4xx_hal_uart.o(.text.HAL_MultiProcessor_Init), (116 bytes).
    Removing stm32f4xx_hal_uart.o(.ARM.exidx.text.HAL_MultiProcessor_Init), (8 bytes).
    Removing stm32f4xx_hal_uart.o(.text.HAL_UART_DeInit), (46 bytes).
    Removing stm32f4xx_hal_uart.o(.ARM.exidx.text.HAL_UART_DeInit), (8 bytes).
    Removing stm32f4xx_hal_uart.o(.text.HAL_UART_MspDeInit), (2 bytes).
    Removing stm32f4xx_hal_uart.o(.ARM.exidx.text.HAL_UART_MspDeInit), (8 bytes).
    Removing stm32f4xx_hal_uart.o(.ARM.exidx.text.HAL_UART_Transmit), (8 bytes).
    Removing stm32f4xx_hal_uart.o(.text.HAL_UART_Receive), (444 bytes).
    Removing stm32f4xx_hal_uart.o(.ARM.exidx.text.HAL_UART_Receive), (8 bytes).
    Removing stm32f4xx_hal_uart.o(.text.HAL_UART_Transmit_IT), (64 bytes).
    Removing stm32f4xx_hal_uart.o(.ARM.exidx.text.HAL_UART_Transmit_IT), (8 bytes).
    Removing stm32f4xx_hal_uart.o(.text.HAL_UART_Receive_IT), (90 bytes).
    Removing stm32f4xx_hal_uart.o(.ARM.exidx.text.HAL_UART_Receive_IT), (8 bytes).
    Removing stm32f4xx_hal_uart.o(.text.UART_Start_Receive_IT), (52 bytes).
    Removing stm32f4xx_hal_uart.o(.ARM.exidx.text.UART_Start_Receive_IT), (8 bytes).
    Removing stm32f4xx_hal_uart.o(.text.HAL_UART_Transmit_DMA), (212 bytes).
    Removing stm32f4xx_hal_uart.o(.ARM.exidx.text.HAL_UART_Transmit_DMA), (8 bytes).
    Removing stm32f4xx_hal_uart.o(.text.UART_DMATransmitCplt), (176 bytes).
    Removing stm32f4xx_hal_uart.o(.ARM.exidx.text.UART_DMATransmitCplt), (8 bytes).
    Removing stm32f4xx_hal_uart.o(.text.UART_DMATxHalfCplt), (6 bytes).
    Removing stm32f4xx_hal_uart.o(.ARM.exidx.text.UART_DMATxHalfCplt), (8 bytes).
    Removing stm32f4xx_hal_uart.o(.text.UART_DMAError), (374 bytes).
    Removing stm32f4xx_hal_uart.o(.ARM.exidx.text.UART_DMAError), (8 bytes).
    Removing stm32f4xx_hal_uart.o(.text.HAL_UART_Receive_DMA), (356 bytes).
    Removing stm32f4xx_hal_uart.o(.ARM.exidx.text.HAL_UART_Receive_DMA), (8 bytes).
    Removing stm32f4xx_hal_uart.o(.text.UART_Start_Receive_DMA), (316 bytes).
    Removing stm32f4xx_hal_uart.o(.ARM.exidx.text.UART_Start_Receive_DMA), (8 bytes).
    Removing stm32f4xx_hal_uart.o(.text.HAL_UART_DMAPause), (354 bytes).
    Removing stm32f4xx_hal_uart.o(.ARM.exidx.text.HAL_UART_DMAPause), (8 bytes).
    Removing stm32f4xx_hal_uart.o(.text.HAL_UART_DMAResume), (364 bytes).
    Removing stm32f4xx_hal_uart.o(.ARM.exidx.text.HAL_UART_DMAResume), (8 bytes).
    Removing stm32f4xx_hal_uart.o(.text.HAL_UART_DMAStop), (538 bytes).
    Removing stm32f4xx_hal_uart.o(.ARM.exidx.text.HAL_UART_DMAStop), (8 bytes).
    Removing stm32f4xx_hal_uart.o(.text.HAL_UARTEx_ReceiveToIdle), (464 bytes).
    Removing stm32f4xx_hal_uart.o(.ARM.exidx.text.HAL_UARTEx_ReceiveToIdle), (8 bytes).
    Removing stm32f4xx_hal_uart.o(.text.HAL_UARTEx_ReceiveToIdle_IT), (232 bytes).
    Removing stm32f4xx_hal_uart.o(.ARM.exidx.text.HAL_UARTEx_ReceiveToIdle_IT), (8 bytes).
    Removing stm32f4xx_hal_uart.o(.text.HAL_UARTEx_ReceiveToIdle_DMA), (486 bytes).
    Removing stm32f4xx_hal_uart.o(.ARM.exidx.text.HAL_UARTEx_ReceiveToIdle_DMA), (8 bytes).
    Removing stm32f4xx_hal_uart.o(.text.HAL_UART_Abort), (478 bytes).
    Removing stm32f4xx_hal_uart.o(.ARM.exidx.text.HAL_UART_Abort), (8 bytes).
    Removing stm32f4xx_hal_uart.o(.text.HAL_UART_AbortTransmit), (206 bytes).
    Removing stm32f4xx_hal_uart.o(.ARM.exidx.text.HAL_UART_AbortTransmit), (8 bytes).
    Removing stm32f4xx_hal_uart.o(.text.HAL_UART_AbortReceive), (364 bytes).
    Removing stm32f4xx_hal_uart.o(.ARM.exidx.text.HAL_UART_AbortReceive), (8 bytes).
    Removing stm32f4xx_hal_uart.o(.text.HAL_UART_Abort_IT), (516 bytes).
    Removing stm32f4xx_hal_uart.o(.ARM.exidx.text.HAL_UART_Abort_IT), (8 bytes).
    Removing stm32f4xx_hal_uart.o(.text.UART_DMATxAbortCallback), (38 bytes).
    Removing stm32f4xx_hal_uart.o(.ARM.exidx.text.UART_DMATxAbortCallback), (8 bytes).
    Removing stm32f4xx_hal_uart.o(.text.UART_DMARxAbortCallback), (38 bytes).
    Removing stm32f4xx_hal_uart.o(.ARM.exidx.text.UART_DMARxAbortCallback), (8 bytes).
    Removing stm32f4xx_hal_uart.o(.text.HAL_UART_AbortCpltCallback), (2 bytes).
    Removing stm32f4xx_hal_uart.o(.ARM.exidx.text.HAL_UART_AbortCpltCallback), (8 bytes).
    Removing stm32f4xx_hal_uart.o(.text.HAL_UART_AbortTransmit_IT), (230 bytes).
    Removing stm32f4xx_hal_uart.o(.ARM.exidx.text.HAL_UART_AbortTransmit_IT), (8 bytes).
    Removing stm32f4xx_hal_uart.o(.text.UART_DMATxOnlyAbortCallback), (14 bytes).
    Removing stm32f4xx_hal_uart.o(.ARM.exidx.text.UART_DMATxOnlyAbortCallback), (8 bytes).
    Removing stm32f4xx_hal_uart.o(.text.HAL_UART_AbortTransmitCpltCallback), (2 bytes).
    Removing stm32f4xx_hal_uart.o(.ARM.exidx.text.HAL_UART_AbortTransmitCpltCallback), (8 bytes).
    Removing stm32f4xx_hal_uart.o(.text.HAL_UART_AbortReceive_IT), (392 bytes).
    Removing stm32f4xx_hal_uart.o(.ARM.exidx.text.HAL_UART_AbortReceive_IT), (8 bytes).
    Removing stm32f4xx_hal_uart.o(.text.UART_DMARxOnlyAbortCallback), (16 bytes).
    Removing stm32f4xx_hal_uart.o(.ARM.exidx.text.UART_DMARxOnlyAbortCallback), (8 bytes).
    Removing stm32f4xx_hal_uart.o(.text.HAL_UART_AbortReceiveCpltCallback), (2 bytes).
    Removing stm32f4xx_hal_uart.o(.ARM.exidx.text.HAL_UART_AbortReceiveCpltCallback), (8 bytes).
    Removing stm32f4xx_hal_uart.o(.text.HAL_UART_IRQHandler), (1360 bytes).
    Removing stm32f4xx_hal_uart.o(.ARM.exidx.text.HAL_UART_IRQHandler), (8 bytes).
    Removing stm32f4xx_hal_uart.o(.text.UART_Receive_IT), (250 bytes).
    Removing stm32f4xx_hal_uart.o(.ARM.exidx.text.UART_Receive_IT), (8 bytes).
    Removing stm32f4xx_hal_uart.o(.text.UART_DMAAbortOnError), (12 bytes).
    Removing stm32f4xx_hal_uart.o(.ARM.exidx.text.UART_DMAAbortOnError), (8 bytes).
    Removing stm32f4xx_hal_uart.o(.text.HAL_UART_ErrorCallback), (2 bytes).
    Removing stm32f4xx_hal_uart.o(.ARM.exidx.text.HAL_UART_ErrorCallback), (8 bytes).
    Removing stm32f4xx_hal_uart.o(.text.HAL_UARTEx_RxEventCallback), (2 bytes).
    Removing stm32f4xx_hal_uart.o(.ARM.exidx.text.HAL_UARTEx_RxEventCallback), (8 bytes).
    Removing stm32f4xx_hal_uart.o(.text.HAL_UART_TxCpltCallback), (2 bytes).
    Removing stm32f4xx_hal_uart.o(.ARM.exidx.text.HAL_UART_TxCpltCallback), (8 bytes).
    Removing stm32f4xx_hal_uart.o(.text.HAL_UART_TxHalfCpltCallback), (2 bytes).
    Removing stm32f4xx_hal_uart.o(.ARM.exidx.text.HAL_UART_TxHalfCpltCallback), (8 bytes).
    Removing stm32f4xx_hal_uart.o(.text.HAL_UART_RxCpltCallback), (2 bytes).
    Removing stm32f4xx_hal_uart.o(.ARM.exidx.text.HAL_UART_RxCpltCallback), (8 bytes).
    Removing stm32f4xx_hal_uart.o(.text.HAL_UART_RxHalfCpltCallback), (2 bytes).
    Removing stm32f4xx_hal_uart.o(.ARM.exidx.text.HAL_UART_RxHalfCpltCallback), (8 bytes).
    Removing stm32f4xx_hal_uart.o(.text.HAL_LIN_SendBreak), (106 bytes).
    Removing stm32f4xx_hal_uart.o(.ARM.exidx.text.HAL_LIN_SendBreak), (8 bytes).
    Removing stm32f4xx_hal_uart.o(.text.HAL_MultiProcessor_EnterMuteMode), (106 bytes).
    Removing stm32f4xx_hal_uart.o(.ARM.exidx.text.HAL_MultiProcessor_EnterMuteMode), (8 bytes).
    Removing stm32f4xx_hal_uart.o(.text.HAL_MultiProcessor_ExitMuteMode), (106 bytes).
    Removing stm32f4xx_hal_uart.o(.ARM.exidx.text.HAL_MultiProcessor_ExitMuteMode), (8 bytes).
    Removing stm32f4xx_hal_uart.o(.text.HAL_HalfDuplex_EnableTransmitter), (36 bytes).
    Removing stm32f4xx_hal_uart.o(.ARM.exidx.text.HAL_HalfDuplex_EnableTransmitter), (8 bytes).
    Removing stm32f4xx_hal_uart.o(.text.HAL_HalfDuplex_EnableReceiver), (38 bytes).
    Removing stm32f4xx_hal_uart.o(.ARM.exidx.text.HAL_HalfDuplex_EnableReceiver), (8 bytes).
    Removing stm32f4xx_hal_uart.o(.text.HAL_UART_GetState), (8 bytes).
    Removing stm32f4xx_hal_uart.o(.ARM.exidx.text.HAL_UART_GetState), (8 bytes).
    Removing stm32f4xx_hal_uart.o(.text.HAL_UART_GetError), (4 bytes).
    Removing stm32f4xx_hal_uart.o(.ARM.exidx.text.HAL_UART_GetError), (8 bytes).
    Removing stm32f4xx_hal_uart.o(.text.UART_DMAReceiveCplt), (342 bytes).
    Removing stm32f4xx_hal_uart.o(.ARM.exidx.text.UART_DMAReceiveCplt), (8 bytes).
    Removing stm32f4xx_hal_uart.o(.text.UART_DMARxHalfCplt), (20 bytes).
    Removing stm32f4xx_hal_uart.o(.ARM.exidx.text.UART_DMARxHalfCplt), (8 bytes).
    Removing stm32f4xx_hal_dma_ex.o(.text), (0 bytes).
    Removing stm32f4xx_hal_dma_ex.o(.text.HAL_DMAEx_MultiBufferStart), (114 bytes).
    Removing stm32f4xx_hal_dma_ex.o(.ARM.exidx.text.HAL_DMAEx_MultiBufferStart), (8 bytes).
    Removing stm32f4xx_hal_dma_ex.o(.text.HAL_DMAEx_MultiBufferStart_IT), (1228 bytes).
    Removing stm32f4xx_hal_dma_ex.o(.ARM.exidx.text.HAL_DMAEx_MultiBufferStart_IT), (8 bytes).
    Removing stm32f4xx_hal_dma_ex.o(.text.HAL_DMAEx_ChangeMemory), (20 bytes).
    Removing stm32f4xx_hal_dma_ex.o(.ARM.exidx.text.HAL_DMAEx_ChangeMemory), (8 bytes).
    Removing stm32f4xx_hal_dma.o(.text), (0 bytes).
    Removing stm32f4xx_hal_dma.o(.text.HAL_DMA_Init), (348 bytes).
    Removing stm32f4xx_hal_dma.o(.ARM.exidx.text.HAL_DMA_Init), (8 bytes).
    Removing stm32f4xx_hal_dma.o(.text.HAL_DMA_DeInit), (132 bytes).
    Removing stm32f4xx_hal_dma.o(.ARM.exidx.text.HAL_DMA_DeInit), (8 bytes).
    Removing stm32f4xx_hal_dma.o(.text.HAL_DMA_Start), (106 bytes).
    Removing stm32f4xx_hal_dma.o(.ARM.exidx.text.HAL_DMA_Start), (8 bytes).
    Removing stm32f4xx_hal_dma.o(.text.HAL_DMA_Start_IT), (156 bytes).
    Removing stm32f4xx_hal_dma.o(.ARM.exidx.text.HAL_DMA_Start_IT), (8 bytes).
    Removing stm32f4xx_hal_dma.o(.text.HAL_DMA_Abort), (134 bytes).
    Removing stm32f4xx_hal_dma.o(.ARM.exidx.text.HAL_DMA_Abort), (8 bytes).
    Removing stm32f4xx_hal_dma.o(.text.HAL_DMA_Abort_IT), (32 bytes).
    Removing stm32f4xx_hal_dma.o(.ARM.exidx.text.HAL_DMA_Abort_IT), (8 bytes).
    Removing stm32f4xx_hal_dma.o(.text.HAL_DMA_PollForTransfer), (438 bytes).
    Removing stm32f4xx_hal_dma.o(.ARM.exidx.text.HAL_DMA_PollForTransfer), (8 bytes).
    Removing stm32f4xx_hal_dma.o(.text.HAL_DMA_IRQHandler), (432 bytes).
    Removing stm32f4xx_hal_dma.o(.ARM.exidx.text.HAL_DMA_IRQHandler), (8 bytes).
    Removing stm32f4xx_hal_dma.o(.text.HAL_DMA_RegisterCallback), (100 bytes).
    Removing stm32f4xx_hal_dma.o(.ARM.exidx.text.HAL_DMA_RegisterCallback), (8 bytes).
    Removing stm32f4xx_hal_dma.o(.text.HAL_DMA_UnRegisterCallback), (130 bytes).
    Removing stm32f4xx_hal_dma.o(.ARM.exidx.text.HAL_DMA_UnRegisterCallback), (8 bytes).
    Removing stm32f4xx_hal_dma.o(.text.HAL_DMA_GetState), (4 bytes).
    Removing stm32f4xx_hal_dma.o(.ARM.exidx.text.HAL_DMA_GetState), (8 bytes).
    Removing stm32f4xx_hal_dma.o(.text.HAL_DMA_GetError), (4 bytes).
    Removing stm32f4xx_hal_dma.o(.ARM.exidx.text.HAL_DMA_GetError), (8 bytes).
    Removing stm32f4xx_hal_dma.o(.rodata.cst8), (8 bytes).

339 unused section(s) (total 17722 bytes) removed from the image.

==============================================================================

Image Symbol Table

    Local Symbols

    Symbol Name                              Value     Ov Type        Size  Object(Section)

    ../clib/angel/boardlib.s                 0x00000000   Number         0  boardinit1.o ABSOLUTE
    ../clib/angel/boardlib.s                 0x00000000   Number         0  boardinit2.o ABSOLUTE
    ../clib/angel/boardlib.s                 0x00000000   Number         0  boardinit3.o ABSOLUTE
    ../clib/angel/boardlib.s                 0x00000000   Number         0  boardshut.o ABSOLUTE
    ../clib/angel/handlers.s                 0x00000000   Number         0  __scatter_copy.o ABSOLUTE
    ../clib/angel/handlers.s                 0x00000000   Number         0  __scatter_zi.o ABSOLUTE
    ../clib/angel/kernel.s                   0x00000000   Number         0  __rtentry.o ABSOLUTE
    ../clib/angel/kernel.s                   0x00000000   Number         0  __rtentry2.o ABSOLUTE
    ../clib/angel/kernel.s                   0x00000000   Number         0  __rtentry4.o ABSOLUTE
    ../clib/angel/kernel.s                   0x00000000   Number         0  rtexit.o ABSOLUTE
    ../clib/angel/kernel.s                   0x00000000   Number         0  rtexit2.o ABSOLUTE
    ../clib/angel/rt.s                       0x00000000   Number         0  aeabi_ldiv0.o ABSOLUTE
    ../clib/angel/rt.s                       0x00000000   Number         0  aeabi_ldiv0_sigfpe.o ABSOLUTE
    ../clib/angel/rt.s                       0x00000000   Number         0  rt_div0.o ABSOLUTE
    ../clib/angel/rt.s                       0x00000000   Number         0  rt_raise.o ABSOLUTE
    ../clib/angel/scatter.s                  0x00000000   Number         0  __scatter.o ABSOLUTE
    ../clib/angel/startup.s                  0x00000000   Number         0  __main.o ABSOLUTE
    ../clib/angel/sys.s                      0x00000000   Number         0  sys_stackheap_outer.o ABSOLUTE
    ../clib/angel/sys.s                      0x00000000   Number         0  libspace.o ABSOLUTE
    ../clib/angel/sys.s                      0x00000000   Number         0  use_no_semi.o ABSOLUTE
    ../clib/angel/sys.s                      0x00000000   Number         0  indicate_semi.o ABSOLUTE
    ../clib/angel/sysapp.c                   0x00000000   Number         0  sys_exit.o ABSOLUTE
    ../clib/angel/sysapp.c                   0x00000000   Number         0  sys_exit_hlt.o ABSOLUTE
    ../clib/angel/sysapp.c                   0x00000000   Number         0  sys_wrch.o ABSOLUTE
    ../clib/angel/sysapp.c                   0x00000000   Number         0  sys_wrch_hlt.o ABSOLUTE
    ../clib/angel/sysapp.c                   0x00000000   Number         0  sys_command.o ABSOLUTE
    ../clib/angel/sysapp.c                   0x00000000   Number         0  sys_command_hlt.o ABSOLUTE
    ../clib/armsys.c                         0x00000000   Number         0  argv_veneer.o ABSOLUTE
    ../clib/armsys.c                         0x00000000   Number         0  argv_veneer.o ABSOLUTE
    ../clib/armsys.c                         0x00000000   Number         0  _get_argv_nomalloc.o ABSOLUTE
    ../clib/armsys.c                         0x00000000   Number         0  no_argv.o ABSOLUTE
    ../clib/heapalloc.c                      0x00000000   Number         0  hrguard.o ABSOLUTE
    ../clib/heapaux.c                        0x00000000   Number         0  heapauxi.o ABSOLUTE
    ../clib/libinit.s                        0x00000000   Number         0  libinit.o ABSOLUTE
    ../clib/libinit.s                        0x00000000   Number         0  libinit2.o ABSOLUTE
    ../clib/libinit.s                        0x00000000   Number         0  libshutdown.o ABSOLUTE
    ../clib/libinit.s                        0x00000000   Number         0  libshutdown2.o ABSOLUTE
    ../clib/longlong.s                       0x00000000   Number         0  lludivv7m.o ABSOLUTE
    ../clib/signal.c                         0x00000000   Number         0  defsig_fpe_outer.o ABSOLUTE
    ../clib/signal.c                         0x00000000   Number         0  defsig_fpe_formal.o ABSOLUTE
    ../clib/signal.c                         0x00000000   Number         0  defsig_exit.o ABSOLUTE
    ../clib/signal.c                         0x00000000   Number         0  defsig_fpe_inner.o ABSOLUTE
    ../clib/signal.c                         0x00000000   Number         0  __raise.o ABSOLUTE
    ../clib/signal.c                         0x00000000   Number         0  defsig_general.o ABSOLUTE
    ../clib/signal.c                         0x00000000   Number         0  defsig_abrt_inner.o ABSOLUTE
    ../clib/signal.c                         0x00000000   Number         0  defsig_rtred_inner.o ABSOLUTE
    ../clib/signal.c                         0x00000000   Number         0  defsig_rtmem_inner.o ABSOLUTE
    ../clib/signal.c                         0x00000000   Number         0  defsig_rtmem_outer.o ABSOLUTE
    ../clib/signal.c                         0x00000000   Number         0  defsig_rtmem_formal.o ABSOLUTE
    ../clib/signal.c                         0x00000000   Number         0  defsig_stak_inner.o ABSOLUTE
    ../clib/signal.c                         0x00000000   Number         0  defsig_pvfn_inner.o ABSOLUTE
    ../clib/signal.c                         0x00000000   Number         0  defsig_cppl_inner.o ABSOLUTE
    ../clib/signal.c                         0x00000000   Number         0  defsig_segv_inner.o ABSOLUTE
    ../clib/signal.c                         0x00000000   Number         0  defsig_other.o ABSOLUTE
    ../clib/signal.s                         0x00000000   Number         0  defsig.o ABSOLUTE
    ../clib/stdlib.c                         0x00000000   Number         0  exit.o ABSOLUTE
    ../clib/string.c                         0x00000000   Number         0  strlen.o ABSOLUTE
    ../fplib/ddiv.s                          0x00000000   Number         0  ddiv.o ABSOLUTE
    ../fplib/dfixu.s                         0x00000000   Number         0  dfixu.o ABSOLUTE
    ../fplib/dflt.s                          0x00000000   Number         0  dflt_clz.o ABSOLUTE
    ../fplib/dnaninf.s                       0x00000000   Number         0  dnaninf.o ABSOLUTE
    ../fplib/dretinf.s                       0x00000000   Number         0  dretinf.o ABSOLUTE
    ../fplib/fpinit.s                        0x00000000   Number         0  fpinit.o ABSOLUTE
    ../fplib/usenofp.s                       0x00000000   Number         0  usenofp.o ABSOLUTE
    STS.c                                    0x00000000   Number         0  sts.o ABSOLUTE
    alarm.c                                  0x00000000   Number         0  alarm.o ABSOLUTE
    buzzer.c                                 0x00000000   Number         0  buzzer.o ABSOLUTE
    dc.s                                     0x00000000   Number         0  dc.o ABSOLUTE
    key.c                                    0x00000000   Number         0  key.o ABSOLUTE
    led.c                                    0x00000000   Number         0  led.o ABSOLUTE
    main.c                                   0x00000000   Number         0  main.o ABSOLUTE
    startup/startup_stm32f401xc.s            0x00000000   Number         0  startup_stm32f401xc.o ABSOLUTE
    stm32f4xx_hal.c                          0x00000000   Number         0  stm32f4xx_hal.o ABSOLUTE
    stm32f4xx_hal_cortex.c                   0x00000000   Number         0  stm32f4xx_hal_cortex.o ABSOLUTE
    stm32f4xx_hal_dma.c                      0x00000000   Number         0  stm32f4xx_hal_dma.o ABSOLUTE
    stm32f4xx_hal_dma_ex.c                   0x00000000   Number         0  stm32f4xx_hal_dma_ex.o ABSOLUTE
    stm32f4xx_hal_gpio.c                     0x00000000   Number         0  stm32f4xx_hal_gpio.o ABSOLUTE
    stm32f4xx_hal_rcc.c                      0x00000000   Number         0  stm32f4xx_hal_rcc.o ABSOLUTE
    stm32f4xx_hal_uart.c                     0x00000000   Number         0  stm32f4xx_hal_uart.o ABSOLUTE
    system_stm32f4xx.c                       0x00000000   Number         0  system_stm32f4xx.o ABSOLUTE
    timebase.c                               0x00000000   Number         0  timebase.o ABSOLUTE
    uart.c                                   0x00000000   Number         0  uart.o ABSOLUTE
    RESET                                    0x08000000   Section      404  startup_stm32f401xc.o(RESET)
    !!!main                                  0x08000194   Section        8  __main.o(!!!main)
    !!!scatter                               0x0800019c   Section       52  __scatter.o(!!!scatter)
    !!handler_copy                           0x080001d0   Section       26  __scatter_copy.o(!!handler_copy)
    !!handler_zi                             0x080001ec   Section       28  __scatter_zi.o(!!handler_zi)
    .ARM.Collect$$libinit$$00000000          0x08000208   Section        2  libinit.o(.ARM.Collect$$libinit$$00000000)
    .ARM.Collect$$libinit$$00000001          0x0800020a   Section        4  libinit2.o(.ARM.Collect$$libinit$$00000001)
    .ARM.Collect$$libinit$$00000004          0x0800020e   Section        0  libinit2.o(.ARM.Collect$$libinit$$00000004)
    .ARM.Collect$$libinit$$00000006          0x0800020e   Section        0  libinit2.o(.ARM.Collect$$libinit$$00000006)
    .ARM.Collect$$libinit$$0000000C          0x0800020e   Section        0  libinit2.o(.ARM.Collect$$libinit$$0000000C)
    .ARM.Collect$$libinit$$0000000E          0x0800020e   Section        0  libinit2.o(.ARM.Collect$$libinit$$0000000E)
    .ARM.Collect$$libinit$$00000010          0x0800020e   Section        0  libinit2.o(.ARM.Collect$$libinit$$00000010)
    .ARM.Collect$$libinit$$00000013          0x0800020e   Section        0  libinit2.o(.ARM.Collect$$libinit$$00000013)
    .ARM.Collect$$libinit$$00000015          0x0800020e   Section        0  libinit2.o(.ARM.Collect$$libinit$$00000015)
    .ARM.Collect$$libinit$$00000017          0x0800020e   Section        0  libinit2.o(.ARM.Collect$$libinit$$00000017)
    .ARM.Collect$$libinit$$00000019          0x0800020e   Section        0  libinit2.o(.ARM.Collect$$libinit$$00000019)
    .ARM.Collect$$libinit$$0000001B          0x0800020e   Section        0  libinit2.o(.ARM.Collect$$libinit$$0000001B)
    .ARM.Collect$$libinit$$0000001D          0x0800020e   Section        0  libinit2.o(.ARM.Collect$$libinit$$0000001D)
    .ARM.Collect$$libinit$$0000001F          0x0800020e   Section        0  libinit2.o(.ARM.Collect$$libinit$$0000001F)
    .ARM.Collect$$libinit$$00000021          0x0800020e   Section        0  libinit2.o(.ARM.Collect$$libinit$$00000021)
    .ARM.Collect$$libinit$$00000023          0x0800020e   Section        0  libinit2.o(.ARM.Collect$$libinit$$00000023)
    .ARM.Collect$$libinit$$00000025          0x0800020e   Section        0  libinit2.o(.ARM.Collect$$libinit$$00000025)
    .ARM.Collect$$libinit$$00000027          0x0800020e   Section        0  libinit2.o(.ARM.Collect$$libinit$$00000027)
    .ARM.Collect$$libinit$$0000002E          0x0800020e   Section        0  libinit2.o(.ARM.Collect$$libinit$$0000002E)
    .ARM.Collect$$libinit$$00000030          0x0800020e   Section        0  libinit2.o(.ARM.Collect$$libinit$$00000030)
    .ARM.Collect$$libinit$$00000032          0x0800020e   Section        0  libinit2.o(.ARM.Collect$$libinit$$00000032)
    .ARM.Collect$$libinit$$00000034          0x0800020e   Section        0  libinit2.o(.ARM.Collect$$libinit$$00000034)
    .ARM.Collect$$libinit$$00000035          0x0800020e   Section        2  libinit2.o(.ARM.Collect$$libinit$$00000035)
    .ARM.Collect$$libshutdown$$00000000      0x08000210   Section        2  libshutdown.o(.ARM.Collect$$libshutdown$$00000000)
    .ARM.Collect$$libshutdown$$00000002      0x08000212   Section        0  libshutdown2.o(.ARM.Collect$$libshutdown$$00000002)
    .ARM.Collect$$libshutdown$$00000004      0x08000212   Section        0  libshutdown2.o(.ARM.Collect$$libshutdown$$00000004)
    .ARM.Collect$$libshutdown$$00000007      0x08000212   Section        0  libshutdown2.o(.ARM.Collect$$libshutdown$$00000007)
    .ARM.Collect$$libshutdown$$0000000A      0x08000212   Section        0  libshutdown2.o(.ARM.Collect$$libshutdown$$0000000A)
    .ARM.Collect$$libshutdown$$0000000C      0x08000212   Section        0  libshutdown2.o(.ARM.Collect$$libshutdown$$0000000C)
    .ARM.Collect$$libshutdown$$0000000F      0x08000212   Section        0  libshutdown2.o(.ARM.Collect$$libshutdown$$0000000F)
    .ARM.Collect$$libshutdown$$00000010      0x08000212   Section        2  libshutdown2.o(.ARM.Collect$$libshutdown$$00000010)
    .ARM.Collect$$rtentry$$00000000          0x08000214   Section        0  __rtentry.o(.ARM.Collect$$rtentry$$00000000)
    .ARM.Collect$$rtentry$$00000002          0x08000214   Section        0  __rtentry2.o(.ARM.Collect$$rtentry$$00000002)
    .ARM.Collect$$rtentry$$00000004          0x08000214   Section        6  __rtentry4.o(.ARM.Collect$$rtentry$$00000004)
    .ARM.Collect$$rtentry$$00000009          0x0800021a   Section        0  __rtentry2.o(.ARM.Collect$$rtentry$$00000009)
    .ARM.Collect$$rtentry$$0000000A          0x0800021a   Section        4  __rtentry2.o(.ARM.Collect$$rtentry$$0000000A)
    .ARM.Collect$$rtentry$$0000000C          0x0800021e   Section        0  __rtentry2.o(.ARM.Collect$$rtentry$$0000000C)
    .ARM.Collect$$rtentry$$0000000D          0x0800021e   Section        8  __rtentry2.o(.ARM.Collect$$rtentry$$0000000D)
    .ARM.Collect$$rtexit$$00000000           0x08000226   Section        2  rtexit.o(.ARM.Collect$$rtexit$$00000000)
    .ARM.Collect$$rtexit$$00000002           0x08000228   Section        0  rtexit2.o(.ARM.Collect$$rtexit$$00000002)
    .ARM.Collect$$rtexit$$00000003           0x08000228   Section        4  rtexit2.o(.ARM.Collect$$rtexit$$00000003)
    .ARM.Collect$$rtexit$$00000004           0x0800022c   Section        6  rtexit2.o(.ARM.Collect$$rtexit$$00000004)
    $v0                                      0x08000234   Number         0  startup_stm32f401xc.o(.text)
    .text                                    0x08000234   Section       64  startup_stm32f401xc.o(.text)
    .text                                    0x08000274   Section      240  lludivv7m.o(.text)
    .text                                    0x08000364   Section        0  strlen.o(.text)
    .text                                    0x080003a2   Section        0  heapauxi.o(.text)
    .text                                    0x080003a8   Section       74  sys_stackheap_outer.o(.text)
    .text                                    0x080003f2   Section        0  exit.o(.text)
    .text                                    0x08000404   Section        8  libspace.o(.text)
    .text                                    0x0800040c   Section        0  sys_exit.o(.text)
    .text                                    0x08000418   Section        2  use_no_semi.o(.text)
    .text                                    0x0800041a   Section        0  indicate_semi.o(.text)
    [Anonymous Symbol]                       0x0800041c   Section        0  alarm.o(.text.Alarm_server)
    BUZZER_server                            0x08000425   Thumb Code   138  buzzer.o(.text.BUZZER_server)
    [Anonymous Symbol]                       0x08000424   Section        0  buzzer.o(.text.BUZZER_server)
    [Anonymous Symbol]                       0x080004b0   Section        0  stm32f4xx_hal_gpio.o(.text.HAL_GPIO_Init)
    [Anonymous Symbol]                       0x0800066c   Section        0  stm32f4xx_hal.o(.text.HAL_GetTick)
    [Anonymous Symbol]                       0x08000678   Section        0  stm32f4xx_hal.o(.text.HAL_Init)
    [Anonymous Symbol]                       0x080006b0   Section        0  stm32f4xx_hal.o(.text.HAL_InitTick)
    [Anonymous Symbol]                       0x080006f8   Section        0  stm32f4xx_hal.o(.text.HAL_MspInit)
    [Anonymous Symbol]                       0x080006fc   Section        0  stm32f4xx_hal_cortex.o(.text.HAL_NVIC_SetPriority)
    [Anonymous Symbol]                       0x08000754   Section        0  stm32f4xx_hal_cortex.o(.text.HAL_NVIC_SetPriorityGrouping)
    [Anonymous Symbol]                       0x08000774   Section        0  stm32f4xx_hal_rcc.o(.text.HAL_RCC_ClockConfig)
    [Anonymous Symbol]                       0x080008d4   Section        0  stm32f4xx_hal_rcc.o(.text.HAL_RCC_GetPCLK1Freq)
    [Anonymous Symbol]                       0x080008fc   Section        0  stm32f4xx_hal_rcc.o(.text.HAL_RCC_GetPCLK2Freq)
    [Anonymous Symbol]                       0x08000924   Section        0  stm32f4xx_hal_rcc.o(.text.HAL_RCC_GetSysClockFreq)
    [Anonymous Symbol]                       0x08000990   Section        0  stm32f4xx_hal_rcc.o(.text.HAL_RCC_OscConfig)
    [Anonymous Symbol]                       0x08000d08   Section        0  stm32f4xx_hal_cortex.o(.text.HAL_SYSTICK_Config)
    [Anonymous Symbol]                       0x08000d34   Section        0  stm32f4xx_hal_uart.o(.text.HAL_UART_Init)
    [Anonymous Symbol]                       0x08000d88   Section        0  uart.o(.text.HAL_UART_MspInit)
    [Anonymous Symbol]                       0x08000df4   Section        0  stm32f4xx_hal_uart.o(.text.HAL_UART_Transmit)
    [Anonymous Symbol]                       0x08001060   Section        0  key.o(.text.KEY_server)
    LED_server                               0x080010bd   Thumb Code    26  led.o(.text.LED_server)
    [Anonymous Symbol]                       0x080010bc   Section        0  led.o(.text.LED_server)
    [Anonymous Symbol]                       0x080010d8   Section        0  sts.o(.text.STS_Add_Task)
    [Anonymous Symbol]                       0x08001268   Section        0  sts.o(.text.STS_Run)
    [Anonymous Symbol]                       0x08001334   Section        0  timebase.o(.text.SysInit)
    [Anonymous Symbol]                       0x08001398   Section        0  timebase.o(.text.SysTick_Handler)
    [Anonymous Symbol]                       0x080013a8   Section        0  system_stm32f4xx.o(.text.SystemInit)
    UART_SetConfig                           0x080013bd   Thumb Code   226  stm32f4xx_hal_uart.o(.text.UART_SetConfig)
    [Anonymous Symbol]                       0x080013bc   Section        0  stm32f4xx_hal_uart.o(.text.UART_SetConfig)
    [Anonymous Symbol]                       0x080014a0   Section        0  uart.o(.text.UART_server)
    [Anonymous Symbol]                       0x080014e8   Section        0  buzzer.o(.text.drv_init_BUZZER)
    [Anonymous Symbol]                       0x08001590   Section        0  led.o(.text.drv_init_LED)
    [Anonymous Symbol]                       0x080015fc   Section        0  alarm.o(.text.drv_init_alarm)
    [Anonymous Symbol]                       0x08001624   Section        0  key.o(.text.drv_init_key)
    [Anonymous Symbol]                       0x0800167c   Section        0  uart.o(.text.drv_init_uart)
    [Anonymous Symbol]                       0x080016d0   Section        0  timebase.o(.text.get_TIME_now)
    [Anonymous Symbol]                       0x08001748   Section        0  timebase.o(.text.get_pass_time)
    [Anonymous Symbol]                       0x0800181c   Section        0  timebase.o(.text.get_pass_time_precise)
    [Anonymous Symbol]                       0x080018fc   Section        0  main.o(.text.main)
    [Anonymous Symbol]                       0x08001920   Section        0  buzzer.o(.text.setBZSignal)
    $v0                                      0x0800192c   Number         0  fpinit.o(x$fpl$fpinit)
    x$fpl$fpinit                             0x0800192c   Section       26  fpinit.o(x$fpl$fpinit)
    .L_MergedGlobals                         0x20000000   Data           8  stm32f4xx_hal.o(.data..L_MergedGlobals)
    [Anonymous Symbol]                       0x20000000   Section        0  stm32f4xx_hal.o(.data..L_MergedGlobals)
    STS_final_task                           0x20000008   Data           2  sts.o(.data.STS_final_task)
    [Anonymous Symbol]                       0x20000008   Section        0  sts.o(.data.STS_final_task)
    bzSignal                                 0x20000010   Data           4  buzzer.o(.data.bzSignal)
    [Anonymous Symbol]                       0x20000010   Section        0  buzzer.o(.data.bzSignal)
    .bss                                     0x20000018   Section       96  libspace.o(.bss)
    current_time_1                           0x20000078   Data           4  timebase.o(.bss.current_time_1)
    [Anonymous Symbol]                       0x20000078   Section        0  timebase.o(.bss.current_time_1)
    tasks                                    0x200000e0   Data         640  sts.o(.bss.tasks)
    [Anonymous Symbol]                       0x200000e0   Section        0  sts.o(.bss.tasks)
    Heap_Mem                                 0x200003a8   Data         512  startup_stm32f401xc.o(HEAP)
    HEAP                                     0x200003a8   Section      512  startup_stm32f401xc.o(HEAP)
    Stack_Mem                                0x200005a8   Data        1024  startup_stm32f401xc.o(STACK)
    STACK                                    0x200005a8   Section     1024  startup_stm32f401xc.o(STACK)
    __initial_sp                             0x200009a8   Data           0  startup_stm32f401xc.o(STACK)

    Global Symbols

    Symbol Name                              Value     Ov Type        Size  Object(Section)

    BuildAttributes$$THM_ISAv4$E$P$D$K$B$S$7EM$VFPi3$EXTD16$VFPS$VFMA$PE$A:L22UL41UL21$X:L11$S22US41US21$IEEE1$IW$~IW$USESV6$~STKCKD$USESV7$WCHAR32$ENUMINT$~SHL$OTIME$ROPI$EBA8$UX$STANDARDLIB$REQ8$PRES8$EABIv2 0x00000000   Number         0  anon$$obj.o ABSOLUTE
    __ARM_exceptions_init                     - Undefined Weak Reference
    __alloca_initialize                       - Undefined Weak Reference
    __arm_preinit_                            - Undefined Weak Reference
    __arm_relocate_pie_                       - Undefined Weak Reference
    __cpp_initialize__aeabi_                  - Undefined Weak Reference
    __cxa_finalize                            - Undefined Weak Reference
    __rt_locale                               - Undefined Weak Reference
    __sigvec_lookup                           - Undefined Weak Reference
    _atexit_init                              - Undefined Weak Reference
    _call_atexit_fns                          - Undefined Weak Reference
    _clock_init                               - Undefined Weak Reference
    _fp_trap_init                             - Undefined Weak Reference
    _fp_trap_shutdown                         - Undefined Weak Reference
    _get_lc_collate                           - Undefined Weak Reference
    _get_lc_ctype                             - Undefined Weak Reference
    _get_lc_monetary                          - Undefined Weak Reference
    _get_lc_numeric                           - Undefined Weak Reference
    _get_lc_time                              - Undefined Weak Reference
    _getenv_init                              - Undefined Weak Reference
    _handle_redirection                       - Undefined Weak Reference
    _init_alloc                               - Undefined Weak Reference
    _init_user_alloc                          - Undefined Weak Reference
    _initio                                   - Undefined Weak Reference
    _rand_init                                - Undefined Weak Reference
    _signal_finish                            - Undefined Weak Reference
    _signal_init                              - Undefined Weak Reference
    _terminate_alloc                          - Undefined Weak Reference
    _terminate_user_alloc                     - Undefined Weak Reference
    _terminateio                              - Undefined Weak Reference
    __Vectors_Size                           0x00000194   Number         0  startup_stm32f401xc.o ABSOLUTE
    __Vectors                                0x08000000   Data           4  startup_stm32f401xc.o(RESET)
    __Vectors_End                            0x08000194   Data           0  startup_stm32f401xc.o(RESET)
    __main                                   0x08000195   Thumb Code     8  __main.o(!!!main)
    __scatterload                            0x0800019d   Thumb Code     0  __scatter.o(!!!scatter)
    __scatterload_rt2                        0x0800019d   Thumb Code    44  __scatter.o(!!!scatter)
    __scatterload_rt2_thumb_only             0x0800019d   Thumb Code     0  __scatter.o(!!!scatter)
    __scatterload_null                       0x080001ab   Thumb Code     0  __scatter.o(!!!scatter)
    __scatterload_copy                       0x080001d1   Thumb Code    26  __scatter_copy.o(!!handler_copy)
    __scatterload_zeroinit                   0x080001ed   Thumb Code    28  __scatter_zi.o(!!handler_zi)
    __rt_lib_init                            0x08000209   Thumb Code     0  libinit.o(.ARM.Collect$$libinit$$00000000)
    __rt_lib_init_fp_1                       0x0800020b   Thumb Code     0  libinit2.o(.ARM.Collect$$libinit$$00000001)
    __rt_lib_init_alloca_1                   0x0800020f   Thumb Code     0  libinit2.o(.ARM.Collect$$libinit$$00000030)
    __rt_lib_init_argv_1                     0x0800020f   Thumb Code     0  libinit2.o(.ARM.Collect$$libinit$$0000002E)
    __rt_lib_init_atexit_1                   0x0800020f   Thumb Code     0  libinit2.o(.ARM.Collect$$libinit$$0000001D)
    __rt_lib_init_clock_1                    0x0800020f   Thumb Code     0  libinit2.o(.ARM.Collect$$libinit$$00000023)
    __rt_lib_init_cpp_1                      0x0800020f   Thumb Code     0  libinit2.o(.ARM.Collect$$libinit$$00000034)
    __rt_lib_init_exceptions_1               0x0800020f   Thumb Code     0  libinit2.o(.ARM.Collect$$libinit$$00000032)
    __rt_lib_init_fp_trap_1                  0x0800020f   Thumb Code     0  libinit2.o(.ARM.Collect$$libinit$$00000021)
    __rt_lib_init_getenv_1                   0x0800020f   Thumb Code     0  libinit2.o(.ARM.Collect$$libinit$$00000025)
    __rt_lib_init_heap_1                     0x0800020f   Thumb Code     0  libinit2.o(.ARM.Collect$$libinit$$0000000C)
    __rt_lib_init_lc_collate_1               0x0800020f   Thumb Code     0  libinit2.o(.ARM.Collect$$libinit$$00000013)
    __rt_lib_init_lc_ctype_1                 0x0800020f   Thumb Code     0  libinit2.o(.ARM.Collect$$libinit$$00000015)
    __rt_lib_init_lc_monetary_1              0x0800020f   Thumb Code     0  libinit2.o(.ARM.Collect$$libinit$$00000017)
    __rt_lib_init_lc_numeric_1               0x0800020f   Thumb Code     0  libinit2.o(.ARM.Collect$$libinit$$00000019)
    __rt_lib_init_lc_time_1                  0x0800020f   Thumb Code     0  libinit2.o(.ARM.Collect$$libinit$$0000001B)
    __rt_lib_init_preinit_1                  0x0800020f   Thumb Code     0  libinit2.o(.ARM.Collect$$libinit$$00000006)
    __rt_lib_init_rand_1                     0x0800020f   Thumb Code     0  libinit2.o(.ARM.Collect$$libinit$$00000010)
    __rt_lib_init_relocate_pie_1             0x0800020f   Thumb Code     0  libinit2.o(.ARM.Collect$$libinit$$00000004)
    __rt_lib_init_return                     0x0800020f   Thumb Code     0  libinit2.o(.ARM.Collect$$libinit$$00000035)
    __rt_lib_init_signal_1                   0x0800020f   Thumb Code     0  libinit2.o(.ARM.Collect$$libinit$$0000001F)
    __rt_lib_init_stdio_1                    0x0800020f   Thumb Code     0  libinit2.o(.ARM.Collect$$libinit$$00000027)
    __rt_lib_init_user_alloc_1               0x0800020f   Thumb Code     0  libinit2.o(.ARM.Collect$$libinit$$0000000E)
    __rt_lib_shutdown                        0x08000211   Thumb Code     0  libshutdown.o(.ARM.Collect$$libshutdown$$00000000)
    __rt_lib_shutdown_cpp_1                  0x08000213   Thumb Code     0  libshutdown2.o(.ARM.Collect$$libshutdown$$00000002)
    __rt_lib_shutdown_fp_trap_1              0x08000213   Thumb Code     0  libshutdown2.o(.ARM.Collect$$libshutdown$$00000007)
    __rt_lib_shutdown_heap_1                 0x08000213   Thumb Code     0  libshutdown2.o(.ARM.Collect$$libshutdown$$0000000F)
    __rt_lib_shutdown_return                 0x08000213   Thumb Code     0  libshutdown2.o(.ARM.Collect$$libshutdown$$00000010)
    __rt_lib_shutdown_signal_1               0x08000213   Thumb Code     0  libshutdown2.o(.ARM.Collect$$libshutdown$$0000000A)
    __rt_lib_shutdown_stdio_1                0x08000213   Thumb Code     0  libshutdown2.o(.ARM.Collect$$libshutdown$$00000004)
    __rt_lib_shutdown_user_alloc_1           0x08000213   Thumb Code     0  libshutdown2.o(.ARM.Collect$$libshutdown$$0000000C)
    __rt_entry                               0x08000215   Thumb Code     0  __rtentry.o(.ARM.Collect$$rtentry$$00000000)
    __rt_entry_presh_1                       0x08000215   Thumb Code     0  __rtentry2.o(.ARM.Collect$$rtentry$$00000002)
    __rt_entry_sh                            0x08000215   Thumb Code     0  __rtentry4.o(.ARM.Collect$$rtentry$$00000004)
    __rt_entry_li                            0x0800021b   Thumb Code     0  __rtentry2.o(.ARM.Collect$$rtentry$$0000000A)
    __rt_entry_postsh_1                      0x0800021b   Thumb Code     0  __rtentry2.o(.ARM.Collect$$rtentry$$00000009)
    __rt_entry_main                          0x0800021f   Thumb Code     0  __rtentry2.o(.ARM.Collect$$rtentry$$0000000D)
    __rt_entry_postli_1                      0x0800021f   Thumb Code     0  __rtentry2.o(.ARM.Collect$$rtentry$$0000000C)
    __rt_exit                                0x08000227   Thumb Code     0  rtexit.o(.ARM.Collect$$rtexit$$00000000)
    __rt_exit_ls                             0x08000229   Thumb Code     0  rtexit2.o(.ARM.Collect$$rtexit$$00000003)
    __rt_exit_prels_1                        0x08000229   Thumb Code     0  rtexit2.o(.ARM.Collect$$rtexit$$00000002)
    __rt_exit_exit                           0x0800022d   Thumb Code     0  rtexit2.o(.ARM.Collect$$rtexit$$00000004)
    Reset_Handler                            0x08000235   Thumb Code     8  startup_stm32f401xc.o(.text)
    NMI_Handler                              0x0800023d   Thumb Code     2  startup_stm32f401xc.o(.text)
    HardFault_Handler                        0x0800023f   Thumb Code     2  startup_stm32f401xc.o(.text)
    MemManage_Handler                        0x08000241   Thumb Code     2  startup_stm32f401xc.o(.text)
    BusFault_Handler                         0x08000243   Thumb Code     2  startup_stm32f401xc.o(.text)
    UsageFault_Handler                       0x08000245   Thumb Code     2  startup_stm32f401xc.o(.text)
    SVC_Handler                              0x08000247   Thumb Code     2  startup_stm32f401xc.o(.text)
    DebugMon_Handler                         0x08000249   Thumb Code     2  startup_stm32f401xc.o(.text)
    PendSV_Handler                           0x0800024b   Thumb Code     2  startup_stm32f401xc.o(.text)
    ADC_IRQHandler                           0x0800024f   Thumb Code     0  startup_stm32f401xc.o(.text)
    DMA1_Stream0_IRQHandler                  0x0800024f   Thumb Code     0  startup_stm32f401xc.o(.text)
    DMA1_Stream1_IRQHandler                  0x0800024f   Thumb Code     0  startup_stm32f401xc.o(.text)
    DMA1_Stream2_IRQHandler                  0x0800024f   Thumb Code     0  startup_stm32f401xc.o(.text)
    DMA1_Stream3_IRQHandler                  0x0800024f   Thumb Code     0  startup_stm32f401xc.o(.text)
    DMA1_Stream4_IRQHandler                  0x0800024f   Thumb Code     0  startup_stm32f401xc.o(.text)
    DMA1_Stream5_IRQHandler                  0x0800024f   Thumb Code     0  startup_stm32f401xc.o(.text)
    DMA1_Stream6_IRQHandler                  0x0800024f   Thumb Code     0  startup_stm32f401xc.o(.text)
    DMA1_Stream7_IRQHandler                  0x0800024f   Thumb Code     0  startup_stm32f401xc.o(.text)
    DMA2_Stream0_IRQHandler                  0x0800024f   Thumb Code     0  startup_stm32f401xc.o(.text)
    DMA2_Stream1_IRQHandler                  0x0800024f   Thumb Code     0  startup_stm32f401xc.o(.text)
    DMA2_Stream2_IRQHandler                  0x0800024f   Thumb Code     0  startup_stm32f401xc.o(.text)
    DMA2_Stream3_IRQHandler                  0x0800024f   Thumb Code     0  startup_stm32f401xc.o(.text)
    DMA2_Stream4_IRQHandler                  0x0800024f   Thumb Code     0  startup_stm32f401xc.o(.text)
    DMA2_Stream5_IRQHandler                  0x0800024f   Thumb Code     0  startup_stm32f401xc.o(.text)
    DMA2_Stream6_IRQHandler                  0x0800024f   Thumb Code     0  startup_stm32f401xc.o(.text)
    DMA2_Stream7_IRQHandler                  0x0800024f   Thumb Code     0  startup_stm32f401xc.o(.text)
    EXTI0_IRQHandler                         0x0800024f   Thumb Code     0  startup_stm32f401xc.o(.text)
    EXTI15_10_IRQHandler                     0x0800024f   Thumb Code     0  startup_stm32f401xc.o(.text)
    EXTI1_IRQHandler                         0x0800024f   Thumb Code     0  startup_stm32f401xc.o(.text)
    EXTI2_IRQHandler                         0x0800024f   Thumb Code     0  startup_stm32f401xc.o(.text)
    EXTI3_IRQHandler                         0x0800024f   Thumb Code     0  startup_stm32f401xc.o(.text)
    EXTI4_IRQHandler                         0x0800024f   Thumb Code     0  startup_stm32f401xc.o(.text)
    EXTI9_5_IRQHandler                       0x0800024f   Thumb Code     0  startup_stm32f401xc.o(.text)
    FLASH_IRQHandler                         0x0800024f   Thumb Code     0  startup_stm32f401xc.o(.text)
    FPU_IRQHandler                           0x0800024f   Thumb Code     0  startup_stm32f401xc.o(.text)
    I2C1_ER_IRQHandler                       0x0800024f   Thumb Code     0  startup_stm32f401xc.o(.text)
    I2C1_EV_IRQHandler                       0x0800024f   Thumb Code     0  startup_stm32f401xc.o(.text)
    I2C2_ER_IRQHandler                       0x0800024f   Thumb Code     0  startup_stm32f401xc.o(.text)
    I2C2_EV_IRQHandler                       0x0800024f   Thumb Code     0  startup_stm32f401xc.o(.text)
    I2C3_ER_IRQHandler                       0x0800024f   Thumb Code     0  startup_stm32f401xc.o(.text)
    I2C3_EV_IRQHandler                       0x0800024f   Thumb Code     0  startup_stm32f401xc.o(.text)
    OTG_FS_IRQHandler                        0x0800024f   Thumb Code     0  startup_stm32f401xc.o(.text)
    OTG_FS_WKUP_IRQHandler                   0x0800024f   Thumb Code     0  startup_stm32f401xc.o(.text)
    PVD_IRQHandler                           0x0800024f   Thumb Code     0  startup_stm32f401xc.o(.text)
    RCC_IRQHandler                           0x0800024f   Thumb Code     0  startup_stm32f401xc.o(.text)
    RTC_Alarm_IRQHandler                     0x0800024f   Thumb Code     0  startup_stm32f401xc.o(.text)
    RTC_WKUP_IRQHandler                      0x0800024f   Thumb Code     0  startup_stm32f401xc.o(.text)
    SDIO_IRQHandler                          0x0800024f   Thumb Code     0  startup_stm32f401xc.o(.text)
    SPI1_IRQHandler                          0x0800024f   Thumb Code     0  startup_stm32f401xc.o(.text)
    SPI2_IRQHandler                          0x0800024f   Thumb Code     0  startup_stm32f401xc.o(.text)
    SPI3_IRQHandler                          0x0800024f   Thumb Code     0  startup_stm32f401xc.o(.text)
    SPI4_IRQHandler                          0x0800024f   Thumb Code     0  startup_stm32f401xc.o(.text)
    TAMP_STAMP_IRQHandler                    0x0800024f   Thumb Code     0  startup_stm32f401xc.o(.text)
    TIM1_BRK_TIM9_IRQHandler                 0x0800024f   Thumb Code     0  startup_stm32f401xc.o(.text)
    TIM1_CC_IRQHandler                       0x0800024f   Thumb Code     0  startup_stm32f401xc.o(.text)
    TIM1_TRG_COM_TIM11_IRQHandler            0x0800024f   Thumb Code     0  startup_stm32f401xc.o(.text)
    TIM1_UP_TIM10_IRQHandler                 0x0800024f   Thumb Code     0  startup_stm32f401xc.o(.text)
    TIM2_IRQHandler                          0x0800024f   Thumb Code     0  startup_stm32f401xc.o(.text)
    TIM3_IRQHandler                          0x0800024f   Thumb Code     0  startup_stm32f401xc.o(.text)
    TIM4_IRQHandler                          0x0800024f   Thumb Code     0  startup_stm32f401xc.o(.text)
    TIM5_IRQHandler                          0x0800024f   Thumb Code     0  startup_stm32f401xc.o(.text)
    USART1_IRQHandler                        0x0800024f   Thumb Code     0  startup_stm32f401xc.o(.text)
    USART2_IRQHandler                        0x0800024f   Thumb Code     0  startup_stm32f401xc.o(.text)
    USART6_IRQHandler                        0x0800024f   Thumb Code     0  startup_stm32f401xc.o(.text)
    WWDG_IRQHandler                          0x0800024f   Thumb Code     0  startup_stm32f401xc.o(.text)
    __user_initial_stackheap                 0x08000251   Thumb Code     0  startup_stm32f401xc.o(.text)
    __aeabi_uldivmod                         0x08000275   Thumb Code     0  lludivv7m.o(.text)
    _ll_udiv                                 0x08000275   Thumb Code   240  lludivv7m.o(.text)
    strlen                                   0x08000365   Thumb Code    62  strlen.o(.text)
    __use_two_region_memory                  0x080003a3   Thumb Code     2  heapauxi.o(.text)
    __rt_heap_escrow$2region                 0x080003a5   Thumb Code     2  heapauxi.o(.text)
    __rt_heap_expand$2region                 0x080003a7   Thumb Code     2  heapauxi.o(.text)
    __user_setup_stackheap                   0x080003a9   Thumb Code    74  sys_stackheap_outer.o(.text)
    exit                                     0x080003f3   Thumb Code    18  exit.o(.text)
    __user_libspace                          0x08000405   Thumb Code     8  libspace.o(.text)
    __user_perproc_libspace                  0x08000405   Thumb Code     0  libspace.o(.text)
    __user_perthread_libspace                0x08000405   Thumb Code     0  libspace.o(.text)
    _sys_exit                                0x0800040d   Thumb Code     8  sys_exit.o(.text)
    __I$use$semihosting                      0x08000419   Thumb Code     0  use_no_semi.o(.text)
    __use_no_semihosting_swi                 0x08000419   Thumb Code     2  use_no_semi.o(.text)
    __semihosting_library_function           0x0800041b   Thumb Code     0  indicate_semi.o(.text)
    Alarm_server                             0x0800041d   Thumb Code     6  alarm.o(.text.Alarm_server)
    HAL_GPIO_Init                            0x080004b1   Thumb Code   442  stm32f4xx_hal_gpio.o(.text.HAL_GPIO_Init)
    HAL_GetTick                              0x0800066d   Thumb Code    12  stm32f4xx_hal.o(.text.HAL_GetTick)
    HAL_Init                                 0x08000679   Thumb Code    54  stm32f4xx_hal.o(.text.HAL_Init)
    HAL_InitTick                             0x080006b1   Thumb Code    72  stm32f4xx_hal.o(.text.HAL_InitTick)
    HAL_MspInit                              0x080006f9   Thumb Code     2  stm32f4xx_hal.o(.text.HAL_MspInit)
    HAL_NVIC_SetPriority                     0x080006fd   Thumb Code    86  stm32f4xx_hal_cortex.o(.text.HAL_NVIC_SetPriority)
    HAL_NVIC_SetPriorityGrouping             0x08000755   Thumb Code    32  stm32f4xx_hal_cortex.o(.text.HAL_NVIC_SetPriorityGrouping)
    HAL_RCC_ClockConfig                      0x08000775   Thumb Code   352  stm32f4xx_hal_rcc.o(.text.HAL_RCC_ClockConfig)
    HAL_RCC_GetPCLK1Freq                     0x080008d5   Thumb Code    38  stm32f4xx_hal_rcc.o(.text.HAL_RCC_GetPCLK1Freq)
    HAL_RCC_GetPCLK2Freq                     0x080008fd   Thumb Code    38  stm32f4xx_hal_rcc.o(.text.HAL_RCC_GetPCLK2Freq)
    HAL_RCC_GetSysClockFreq                  0x08000925   Thumb Code   106  stm32f4xx_hal_rcc.o(.text.HAL_RCC_GetSysClockFreq)
    HAL_RCC_OscConfig                        0x08000991   Thumb Code   888  stm32f4xx_hal_rcc.o(.text.HAL_RCC_OscConfig)
    HAL_SYSTICK_Config                       0x08000d09   Thumb Code    44  stm32f4xx_hal_cortex.o(.text.HAL_SYSTICK_Config)
    HAL_UART_Init                            0x08000d35   Thumb Code    84  stm32f4xx_hal_uart.o(.text.HAL_UART_Init)
    HAL_UART_MspInit                         0x08000d89   Thumb Code   108  uart.o(.text.HAL_UART_MspInit)
    HAL_UART_Transmit                        0x08000df5   Thumb Code   620  stm32f4xx_hal_uart.o(.text.HAL_UART_Transmit)
    KEY_server                               0x08001061   Thumb Code    90  key.o(.text.KEY_server)
    STS_Add_Task                             0x080010d9   Thumb Code   400  sts.o(.text.STS_Add_Task)
    STS_Run                                  0x08001269   Thumb Code   202  sts.o(.text.STS_Run)
    SysInit                                  0x08001335   Thumb Code   100  timebase.o(.text.SysInit)
    SysTick_Handler                          0x08001399   Thumb Code    16  timebase.o(.text.SysTick_Handler)
    SystemInit                               0x080013a9   Thumb Code    18  system_stm32f4xx.o(.text.SystemInit)
    UART_server                              0x080014a1   Thumb Code    72  uart.o(.text.UART_server)
    drv_init_BUZZER                          0x080014e9   Thumb Code   168  buzzer.o(.text.drv_init_BUZZER)
    drv_init_LED                             0x08001591   Thumb Code   108  led.o(.text.drv_init_LED)
    drv_init_alarm                           0x080015fd   Thumb Code    40  alarm.o(.text.drv_init_alarm)
    drv_init_key                             0x08001625   Thumb Code    88  key.o(.text.drv_init_key)
    drv_init_uart                            0x0800167d   Thumb Code    84  uart.o(.text.drv_init_uart)
    get_TIME_now                             0x080016d1   Thumb Code   120  timebase.o(.text.get_TIME_now)
    get_pass_time                            0x08001749   Thumb Code   212  timebase.o(.text.get_pass_time)
    get_pass_time_precise                    0x0800181d   Thumb Code   224  timebase.o(.text.get_pass_time_precise)
    main                                     0x080018fd   Thumb Code    34  main.o(.text.main)
    setBZSignal                              0x08001921   Thumb Code    12  buzzer.o(.text.setBZSignal)
    _fp_init                                 0x0800192d   Thumb Code    26  fpinit.o(x$fpl$fpinit)
    __fplib_config_fpu_vfp                   0x08001945   Thumb Code     0  fpinit.o(x$fpl$fpinit)
    __fplib_config_pureend_doubles           0x08001945   Thumb Code     0  fpinit.o(x$fpl$fpinit)
    AHBPrescTable                            0x08001946   Data          16  system_stm32f4xx.o(.rodata.AHBPrescTable)
    APBPrescTable                            0x08001956   Data           8  system_stm32f4xx.o(.rodata.APBPrescTable)
    Region$$Table$$Base                      0x08001960   Number         0  anon$$obj.o(Region$$Table)
    Region$$Table$$Limit                     0x08001980   Number         0  anon$$obj.o(Region$$Table)
    uwTickPrio                               0x20000000   Data           4  stm32f4xx_hal.o(.data..L_MergedGlobals)
    uwTickFreq                               0x20000004   Data           4  stm32f4xx_hal.o(.data..L_MergedGlobals)
    SystemCoreClock                          0x2000000c   Data           4  system_stm32f4xx.o(.data.SystemCoreClock)
    __libspace_start                         0x20000018   Data          96  libspace.o(.bss)
    __temporary_stack_top$libspace           0x20000078   Data           0  libspace.o(.bss)
    huart1                                   0x2000007c   Data          76  uart.o(.bss.huart1)
    taskIDs                                  0x200000c8   Data          20  sts.o(.bss.taskIDs)
    tmpchar                                  0x20000360   Data          64  uart.o(.bss.tmpchar)
    uwTick                                   0x200003a0   Data           4  stm32f4xx_hal.o(.bss.uwTick)



==============================================================================

Memory Map of the image

  Image Entry point : 0x08000195

  Load Region LR_IROM1 (Base: 0x08000000, Size: 0x00001998, Max: 0x00040000, ABSOLUTE)

    Execution Region ER_IROM1 (Exec base: 0x08000000, Load base: 0x08000000, Size: 0x00001980, Max: 0x00040000, ABSOLUTE)

    Exec Addr    Load Addr    Size         Type   Attr      Idx    E Section Name        Object

    0x08000000   0x08000000   0x00000194   Data   RO            3    RESET               startup_stm32f401xc.o
    0x08000194   0x08000194   0x00000008   Code   RO          515  * !!!main             c_wu.l(__main.o)
    0x0800019c   0x0800019c   0x00000034   Code   RO          709    !!!scatter          c_wu.l(__scatter.o)
    0x080001d0   0x080001d0   0x0000001a   Code   RO          711    !!handler_copy      c_wu.l(__scatter_copy.o)
    0x080001ea   0x080001ea   0x00000002   PAD
    0x080001ec   0x080001ec   0x0000001c   Code   RO          713    !!handler_zi        c_wu.l(__scatter_zi.o)
    0x08000208   0x08000208   0x00000002   Code   RO          571    .ARM.Collect$$libinit$$00000000  c_wu.l(libinit.o)
    0x0800020a   0x0800020a   0x00000004   Code   RO          583    .ARM.Collect$$libinit$$00000001  c_wu.l(libinit2.o)
    0x0800020e   0x0800020e   0x00000000   Code   RO          586    .ARM.Collect$$libinit$$00000004  c_wu.l(libinit2.o)
    0x0800020e   0x0800020e   0x00000000   Code   RO          588    .ARM.Collect$$libinit$$00000006  c_wu.l(libinit2.o)
    0x0800020e   0x0800020e   0x00000000   Code   RO          591    .ARM.Collect$$libinit$$0000000C  c_wu.l(libinit2.o)
    0x0800020e   0x0800020e   0x00000000   Code   RO          593    .ARM.Collect$$libinit$$0000000E  c_wu.l(libinit2.o)
    0x0800020e   0x0800020e   0x00000000   Code   RO          595    .ARM.Collect$$libinit$$00000010  c_wu.l(libinit2.o)
    0x0800020e   0x0800020e   0x00000000   Code   RO          598    .ARM.Collect$$libinit$$00000013  c_wu.l(libinit2.o)
    0x0800020e   0x0800020e   0x00000000   Code   RO          600    .ARM.Collect$$libinit$$00000015  c_wu.l(libinit2.o)
    0x0800020e   0x0800020e   0x00000000   Code   RO          602    .ARM.Collect$$libinit$$00000017  c_wu.l(libinit2.o)
    0x0800020e   0x0800020e   0x00000000   Code   RO          604    .ARM.Collect$$libinit$$00000019  c_wu.l(libinit2.o)
    0x0800020e   0x0800020e   0x00000000   Code   RO          606    .ARM.Collect$$libinit$$0000001B  c_wu.l(libinit2.o)
    0x0800020e   0x0800020e   0x00000000   Code   RO          608    .ARM.Collect$$libinit$$0000001D  c_wu.l(libinit2.o)
    0x0800020e   0x0800020e   0x00000000   Code   RO          610    .ARM.Collect$$libinit$$0000001F  c_wu.l(libinit2.o)
    0x0800020e   0x0800020e   0x00000000   Code   RO          612    .ARM.Collect$$libinit$$00000021  c_wu.l(libinit2.o)
    0x0800020e   0x0800020e   0x00000000   Code   RO          614    .ARM.Collect$$libinit$$00000023  c_wu.l(libinit2.o)
    0x0800020e   0x0800020e   0x00000000   Code   RO          616    .ARM.Collect$$libinit$$00000025  c_wu.l(libinit2.o)
    0x0800020e   0x0800020e   0x00000000   Code   RO          618    .ARM.Collect$$libinit$$00000027  c_wu.l(libinit2.o)
    0x0800020e   0x0800020e   0x00000000   Code   RO          622    .ARM.Collect$$libinit$$0000002E  c_wu.l(libinit2.o)
    0x0800020e   0x0800020e   0x00000000   Code   RO          624    .ARM.Collect$$libinit$$00000030  c_wu.l(libinit2.o)
    0x0800020e   0x0800020e   0x00000000   Code   RO          626    .ARM.Collect$$libinit$$00000032  c_wu.l(libinit2.o)
    0x0800020e   0x0800020e   0x00000000   Code   RO          628    .ARM.Collect$$libinit$$00000034  c_wu.l(libinit2.o)
    0x0800020e   0x0800020e   0x00000002   Code   RO          629    .ARM.Collect$$libinit$$00000035  c_wu.l(libinit2.o)
    0x08000210   0x08000210   0x00000002   Code   RO          664    .ARM.Collect$$libshutdown$$00000000  c_wu.l(libshutdown.o)
    0x08000212   0x08000212   0x00000000   Code   RO          692    .ARM.Collect$$libshutdown$$00000002  c_wu.l(libshutdown2.o)
    0x08000212   0x08000212   0x00000000   Code   RO          694    .ARM.Collect$$libshutdown$$00000004  c_wu.l(libshutdown2.o)
    0x08000212   0x08000212   0x00000000   Code   RO          697    .ARM.Collect$$libshutdown$$00000007  c_wu.l(libshutdown2.o)
    0x08000212   0x08000212   0x00000000   Code   RO          700    .ARM.Collect$$libshutdown$$0000000A  c_wu.l(libshutdown2.o)
    0x08000212   0x08000212   0x00000000   Code   RO          702    .ARM.Collect$$libshutdown$$0000000C  c_wu.l(libshutdown2.o)
    0x08000212   0x08000212   0x00000000   Code   RO          705    .ARM.Collect$$libshutdown$$0000000F  c_wu.l(libshutdown2.o)
    0x08000212   0x08000212   0x00000002   Code   RO          706    .ARM.Collect$$libshutdown$$00000010  c_wu.l(libshutdown2.o)
    0x08000214   0x08000214   0x00000000   Code   RO          531    .ARM.Collect$$rtentry$$00000000  c_wu.l(__rtentry.o)
    0x08000214   0x08000214   0x00000000   Code   RO          542    .ARM.Collect$$rtentry$$00000002  c_wu.l(__rtentry2.o)
    0x08000214   0x08000214   0x00000006   Code   RO          554    .ARM.Collect$$rtentry$$00000004  c_wu.l(__rtentry4.o)
    0x0800021a   0x0800021a   0x00000000   Code   RO          544    .ARM.Collect$$rtentry$$00000009  c_wu.l(__rtentry2.o)
    0x0800021a   0x0800021a   0x00000004   Code   RO          545    .ARM.Collect$$rtentry$$0000000A  c_wu.l(__rtentry2.o)
    0x0800021e   0x0800021e   0x00000000   Code   RO          547    .ARM.Collect$$rtentry$$0000000C  c_wu.l(__rtentry2.o)
    0x0800021e   0x0800021e   0x00000008   Code   RO          548    .ARM.Collect$$rtentry$$0000000D  c_wu.l(__rtentry2.o)
    0x08000226   0x08000226   0x00000002   Code   RO          575    .ARM.Collect$$rtexit$$00000000  c_wu.l(rtexit.o)
    0x08000228   0x08000228   0x00000000   Code   RO          635    .ARM.Collect$$rtexit$$00000002  c_wu.l(rtexit2.o)
    0x08000228   0x08000228   0x00000004   Code   RO          636    .ARM.Collect$$rtexit$$00000003  c_wu.l(rtexit2.o)
    0x0800022c   0x0800022c   0x00000006   Code   RO          637    .ARM.Collect$$rtexit$$00000004  c_wu.l(rtexit2.o)
    0x08000232   0x08000232   0x00000002   PAD
    0x08000234   0x08000234   0x00000040   Code   RO            4    .text               startup_stm32f401xc.o
    0x08000274   0x08000274   0x000000f0   Code   RO          509    .text               c_wu.l(lludivv7m.o)
    0x08000364   0x08000364   0x0000003e   Code   RO          511    .text               c_wu.l(strlen.o)
    0x080003a2   0x080003a2   0x00000006   Code   RO          513    .text               c_wu.l(heapauxi.o)
    0x080003a8   0x080003a8   0x0000004a   Code   RO          558    .text               c_wu.l(sys_stackheap_outer.o)
    0x080003f2   0x080003f2   0x00000012   Code   RO          560    .text               c_wu.l(exit.o)
    0x08000404   0x08000404   0x00000008   Code   RO          572    .text               c_wu.l(libspace.o)
    0x0800040c   0x0800040c   0x0000000c   Code   RO          630    .text               c_wu.l(sys_exit.o)
    0x08000418   0x08000418   0x00000002   Code   RO          653    .text               c_wu.l(use_no_semi.o)
    0x0800041a   0x0800041a   0x00000000   Code   RO          655    .text               c_wu.l(indicate_semi.o)
    0x0800041a   0x0800041a   0x00000002   PAD
    0x0800041c   0x0800041c   0x00000006   Code   RO           94    .text.Alarm_server  alarm.o
    0x08000422   0x08000422   0x00000002   PAD
    0x08000424   0x08000424   0x0000008a   Code   RO          115    .text.BUZZER_server  buzzer.o
    0x080004ae   0x080004ae   0x00000002   PAD
    0x080004b0   0x080004b0   0x000001ba   Code   RO          271    .text.HAL_GPIO_Init  stm32f4xx_hal_gpio.o
    0x0800066a   0x0800066a   0x00000002   PAD
    0x0800066c   0x0800066c   0x0000000c   Code   RO          183    .text.HAL_GetTick   stm32f4xx_hal.o
    0x08000678   0x08000678   0x00000036   Code   RO          171    .text.HAL_Init      stm32f4xx_hal.o
    0x080006ae   0x080006ae   0x00000002   PAD
    0x080006b0   0x080006b0   0x00000048   Code   RO          173    .text.HAL_InitTick  stm32f4xx_hal.o
    0x080006f8   0x080006f8   0x00000002   Code   RO          175    .text.HAL_MspInit   stm32f4xx_hal.o
    0x080006fa   0x080006fa   0x00000002   PAD
    0x080006fc   0x080006fc   0x00000056   Code   RO          297    .text.HAL_NVIC_SetPriority  stm32f4xx_hal_cortex.o
    0x08000752   0x08000752   0x00000002   PAD
    0x08000754   0x08000754   0x00000020   Code   RO          295    .text.HAL_NVIC_SetPriorityGrouping  stm32f4xx_hal_cortex.o
    0x08000774   0x08000774   0x00000160   Code   RO          239    .text.HAL_RCC_ClockConfig  stm32f4xx_hal_rcc.o
    0x080008d4   0x080008d4   0x00000026   Code   RO          251    .text.HAL_RCC_GetPCLK1Freq  stm32f4xx_hal_rcc.o
    0x080008fa   0x080008fa   0x00000002   PAD
    0x080008fc   0x080008fc   0x00000026   Code   RO          253    .text.HAL_RCC_GetPCLK2Freq  stm32f4xx_hal_rcc.o
    0x08000922   0x08000922   0x00000002   PAD
    0x08000924   0x08000924   0x0000006a   Code   RO          241    .text.HAL_RCC_GetSysClockFreq  stm32f4xx_hal_rcc.o
    0x0800098e   0x0800098e   0x00000002   PAD
    0x08000990   0x08000990   0x00000378   Code   RO          237    .text.HAL_RCC_OscConfig  stm32f4xx_hal_rcc.o
    0x08000d08   0x08000d08   0x0000002c   Code   RO          307    .text.HAL_SYSTICK_Config  stm32f4xx_hal_cortex.o
    0x08000d34   0x08000d34   0x00000054   Code   RO          341    .text.HAL_UART_Init  stm32f4xx_hal_uart.o
    0x08000d88   0x08000d88   0x0000006c   Code   RO          152    .text.HAL_UART_MspInit  uart.o
    0x08000df4   0x08000df4   0x0000026c   Code   RO          357    .text.HAL_UART_Transmit  stm32f4xx_hal_uart.o
    0x08001060   0x08001060   0x0000005a   Code   RO          126    .text.KEY_server    key.o
    0x080010ba   0x080010ba   0x00000002   PAD
    0x080010bc   0x080010bc   0x0000001a   Code   RO          142    .text.LED_server    led.o
    0x080010d6   0x080010d6   0x00000002   PAD
    0x080010d8   0x080010d8   0x00000190   Code   RO           35    .text.STS_Add_Task  sts.o
    0x08001268   0x08001268   0x000000ca   Code   RO           49    .text.STS_Run       sts.o
    0x08001332   0x08001332   0x00000002   PAD
    0x08001334   0x08001334   0x00000064   Code   RO           80    .text.SysInit       timebase.o
    0x08001398   0x08001398   0x00000010   Code   RO           82    .text.SysTick_Handler  timebase.o
    0x080013a8   0x080013a8   0x00000012   Code   RO           11    .text.SystemInit    system_stm32f4xx.o
    0x080013ba   0x080013ba   0x00000002   PAD
    0x080013bc   0x080013bc   0x000000e2   Code   RO          345    .text.UART_SetConfig  stm32f4xx_hal_uart.o
    0x0800149e   0x0800149e   0x00000002   PAD
    0x080014a0   0x080014a0   0x00000048   Code   RO          156    .text.UART_server   uart.o
    0x080014e8   0x080014e8   0x000000a8   Code   RO          113    .text.drv_init_BUZZER  buzzer.o
    0x08001590   0x08001590   0x0000006c   Code   RO          140    .text.drv_init_LED  led.o
    0x080015fc   0x080015fc   0x00000028   Code   RO           96    .text.drv_init_alarm  alarm.o
    0x08001624   0x08001624   0x00000058   Code   RO          128    .text.drv_init_key  key.o
    0x0800167c   0x0800167c   0x00000054   Code   RO          158    .text.drv_init_uart  uart.o
    0x080016d0   0x080016d0   0x00000078   Code   RO           62    .text.get_TIME_now  timebase.o
    0x08001748   0x08001748   0x000000d4   Code   RO           64    .text.get_pass_time  timebase.o
    0x0800181c   0x0800181c   0x000000e0   Code   RO           66    .text.get_pass_time_precise  timebase.o
    0x080018fc   0x080018fc   0x00000022   Code   RO           26    .text.main          main.o
    0x0800191e   0x0800191e   0x00000002   PAD
    0x08001920   0x08001920   0x0000000c   Code   RO          105    .text.setBZSignal   buzzer.o
    0x0800192c   0x0800192c   0x0000001a   Code   RO          647    x$fpl$fpinit        fz_wm.l(fpinit.o)
    0x08001946   0x08001946   0x00000010   Data   RO           16    .rodata.AHBPrescTable  system_stm32f4xx.o
    0x08001956   0x08001956   0x00000008   Data   RO           17    .rodata.APBPrescTable  system_stm32f4xx.o
    0x0800195e   0x0800195e   0x00000002   PAD
    0x08001960   0x08001960   0x00000020   Data   RO          708    Region$$Table       anon$$obj.o


    Execution Region RW_IRAM1 (Exec base: 0x20000000, Load base: 0x08001980, Size: 0x000009a8, Max: 0x00010000, ABSOLUTE)

    Exec Addr    Load Addr    Size         Type   Attr      Idx    E Section Name        Object

    0x20000000   0x08001980   0x00000008   Data   RW          226    .data..L_MergedGlobals  stm32f4xx_hal.o
    0x20000008   0x08001988   0x00000002   Data   RW           53    .data.STS_final_task  sts.o
    0x2000000a   0x0800198a   0x00000002   PAD
    0x2000000c   0x0800198c   0x00000004   Data   RW           15    .data.SystemCoreClock  system_stm32f4xx.o
    0x20000010   0x08001990   0x00000004   Data   RW          117    .data.bzSignal      buzzer.o
    0x20000014   0x08001994   0x00000004   PAD
    0x20000018        -       0x00000060   Zero   RW          573    .bss                c_wu.l(libspace.o)
    0x20000078        -       0x00000004   Zero   RW           85    .bss.current_time_1  timebase.o
    0x2000007c        -       0x0000004c   Zero   RW          162    .bss.huart1         uart.o
    0x200000c8        -       0x00000014   Zero   RW           51    .bss.taskIDs        sts.o
    0x200000dc   0x08001994   0x00000004   PAD
    0x200000e0        -       0x00000280   Zero   RW           52    .bss.tasks          sts.o
    0x20000360        -       0x00000040   Zero   RW          160    .bss.tmpchar        uart.o
    0x200003a0        -       0x00000004   Zero   RW          225    .bss.uwTick         stm32f4xx_hal.o
    0x200003a4   0x08001994   0x00000004   PAD
    0x200003a8        -       0x00000200   Zero   RW            2    HEAP                startup_stm32f401xc.o
    0x200005a8        -       0x00000400   Zero   RW            1    STACK               startup_stm32f401xc.o


==============================================================================

Image component sizes


      Code (inc. data)   RO Data    RW Data    ZI Data      Debug   Object Name

        46          4          0          0          0       1086   alarm.o
       318         12          0          4          0       3840   buzzer.o
       178          4          0          0          0       2568   key.o
       134          0          0          0          0       2514   led.o
        34          0          0          0          0        381   main.o
        64         26        404          0       1536        860   startup_stm32f401xc.o
       140          0          0          8          4       6694   stm32f4xx_hal.o
       162          0          0          0          0       9831   stm32f4xx_hal_cortex.o
       442          0          0          0          0       5247   stm32f4xx_hal_gpio.o
      1422          0          0          0          0       7297   stm32f4xx_hal_rcc.o
       930          0          0          0          0      31866   stm32f4xx_hal_uart.o
       602          0          0          2        660       4194   sts.o
        18          0         24          4          0       2615   system_stm32f4xx.o
       672         32          0          0          4       6644   timebase.o
       264          0          0          0        140       5544   uart.o

    ----------------------------------------------------------------------
      5456         78        462         20       2356      91181   Object Totals
         0          0         32          0          0          0   (incl. Generated)
        30          0          2          2         12          0   (incl. Padding)

    ----------------------------------------------------------------------

      Code (inc. data)   RO Data    RW Data    ZI Data      Debug   Library Member Name

         8          0          0          0          0         68   __main.o
         0          0          0          0          0          0   __rtentry.o
        12          0          0          0          0          0   __rtentry2.o
         6          0          0          0          0          0   __rtentry4.o
        52          8          0          0          0          0   __scatter.o
        26          0          0          0          0          0   __scatter_copy.o
        28          0          0          0          0          0   __scatter_zi.o
        18          0          0          0          0         80   exit.o
         6          0          0          0          0        152   heapauxi.o
         0          0          0          0          0          0   indicate_semi.o
         2          0          0          0          0          0   libinit.o
         6          0          0          0          0          0   libinit2.o
         2          0          0          0          0          0   libshutdown.o
         2          0          0          0          0          0   libshutdown2.o
         8          4          0          0         96         68   libspace.o
       240          0          0          0          0        100   lludivv7m.o
         2          0          0          0          0          0   rtexit.o
        10          0          0          0          0          0   rtexit2.o
        62          0          0          0          0         76   strlen.o
        12          4          0          0          0         68   sys_exit.o
        74          0          0          0          0         80   sys_stackheap_outer.o
         2          0          0          0          0         68   use_no_semi.o
        26          0          0          0          0        116   fpinit.o

    ----------------------------------------------------------------------
       610         16          0          0         96        876   Library Totals
         6          0          0          0          0          0   (incl. Padding)

    ----------------------------------------------------------------------

      Code (inc. data)   RO Data    RW Data    ZI Data      Debug   Library Name

       578         16          0          0         96        760   c_wu.l
        26          0          0          0          0        116   fz_wm.l

    ----------------------------------------------------------------------
       610         16          0          0         96        876   Library Totals

    ----------------------------------------------------------------------

==============================================================================


      Code (inc. data)   RO Data    RW Data    ZI Data      Debug   

      6066         94        462         20       2452      91537   Grand Totals
      6066         94        462         20       2452      91537   ELF Image Totals
      6066         94        462         20          0          0   ROM Totals

==============================================================================

    Total RO  Size (Code + RO Data)                 6528 (   6.38kB)
    Total RW  Size (RW Data + ZI Data)              2472 (   2.41kB)
    Total ROM Size (Code + RO Data + RW Data)       6548 (   6.39kB)

==============================================================================

